Archive member included to satisfy reference by file (symbol)

F:/CLion_Tools/10 2021.10/bin/../lib/gcc/arm-none-eabi/13.3.1/thumb/v7-m/nofp\libgcc.a(_arm_muldf3.o)
                              CMakeFiles/Rectangular_wave.elf.dir/Core/HARDWARE/oled.c.obj (__aeabi_dmul)
F:/CLion_Tools/10 2021.10/bin/../lib/gcc/arm-none-eabi/13.3.1/thumb/v7-m/nofp\libgcc.a(_arm_mulsf3.o)
                              CMakeFiles/Rectangular_wave.elf.dir/Core/HARDWARE/adc_voltage.c.obj (__aeabi_fmul)
F:/CLion_Tools/10 2021.10/bin/../lib/gcc/arm-none-eabi/13.3.1/thumb/v7-m/nofp\libgcc.a(_arm_addsubdf3.o)
                              CMakeFiles/Rectangular_wave.elf.dir/Core/HARDWARE/oled.c.obj (__aeabi_dsub)
F:/CLion_Tools/10 2021.10/bin/../lib/gcc/arm-none-eabi/13.3.1/thumb/v7-m/nofp\libgcc.a(_arm_fixdfsi.o)
                              CMakeFiles/Rectangular_wave.elf.dir/Core/HARDWARE/oled.c.obj (__aeabi_d2iz)
F:/CLion_Tools/10 2021.10/bin/../lib/gcc/arm-none-eabi/13.3.1/thumb/v7-m/nofp\libgcc.a(_arm_addsubsf3.o)
                              CMakeFiles/Rectangular_wave.elf.dir/Core/HARDWARE/adc_voltage.c.obj (__aeabi_fadd)
F:/CLion_Tools/10 2021.10/bin/../lib/gcc/arm-none-eabi/13.3.1/thumb/v7-m/nofp\libgcc.a(_arm_muldivsf3.o)
                              CMakeFiles/Rectangular_wave.elf.dir/Core/HARDWARE/adc_voltage.c.obj (__aeabi_fdiv)
F:/CLion_Tools/10 2021.10/bin/../lib/gcc/arm-none-eabi/13.3.1/thumb/v7-m/nofp\libgcc.a(_arm_cmpsf2.o)
                              CMakeFiles/Rectangular_wave.elf.dir/Core/Src/main.c.obj (__aeabi_fcmplt)
F:/CLion_Tools/10 2021.10/bin/../lib/gcc/arm-none-eabi/13.3.1/thumb/v7-m/nofp\libg.a(libc_a-exit.o)
                              F:/CLion_Tools/10 2021.10/bin/../lib/gcc/arm-none-eabi/13.3.1/thumb/v7-m/nofp/crt0.o (exit)
F:/CLion_Tools/10 2021.10/bin/../lib/gcc/arm-none-eabi/13.3.1/thumb/v7-m/nofp\libg.a(libc_a-findfp.o)
                              F:/CLion_Tools/10 2021.10/bin/../lib/gcc/arm-none-eabi/13.3.1/thumb/v7-m/nofp\libg.a(libc_a-exit.o) (__stdio_exit_handler)
F:/CLion_Tools/10 2021.10/bin/../lib/gcc/arm-none-eabi/13.3.1/thumb/v7-m/nofp\libg.a(libc_a-fwalk.o)
                              F:/CLion_Tools/10 2021.10/bin/../lib/gcc/arm-none-eabi/13.3.1/thumb/v7-m/nofp\libg.a(libc_a-findfp.o) (_fwalk_sglue)
F:/CLion_Tools/10 2021.10/bin/../lib/gcc/arm-none-eabi/13.3.1/thumb/v7-m/nofp\libg.a(libc_a-snprintf.o)
                              CMakeFiles/Rectangular_wave.elf.dir/Core/HARDWARE/oled.c.obj (snprintf)
F:/CLion_Tools/10 2021.10/bin/../lib/gcc/arm-none-eabi/13.3.1/thumb/v7-m/nofp\libg.a(libc_a-stdio.o)
                              F:/CLion_Tools/10 2021.10/bin/../lib/gcc/arm-none-eabi/13.3.1/thumb/v7-m/nofp\libg.a(libc_a-findfp.o) (__sread)
F:/CLion_Tools/10 2021.10/bin/../lib/gcc/arm-none-eabi/13.3.1/thumb/v7-m/nofp\libg.a(libc_a-memcmp.o)
                              CMakeFiles/Rectangular_wave.elf.dir/Core/HARDWARE/oled.c.obj (memcmp)
F:/CLion_Tools/10 2021.10/bin/../lib/gcc/arm-none-eabi/13.3.1/thumb/v7-m/nofp\libg.a(libc_a-memset.o)
                              F:/CLion_Tools/10 2021.10/bin/../lib/gcc/arm-none-eabi/13.3.1/thumb/v7-m/nofp/crt0.o (memset)
F:/CLion_Tools/10 2021.10/bin/../lib/gcc/arm-none-eabi/13.3.1/thumb/v7-m/nofp\libg.a(libc_a-closer.o)
                              F:/CLion_Tools/10 2021.10/bin/../lib/gcc/arm-none-eabi/13.3.1/thumb/v7-m/nofp\libg.a(libc_a-stdio.o) (_close_r)
F:/CLion_Tools/10 2021.10/bin/../lib/gcc/arm-none-eabi/13.3.1/thumb/v7-m/nofp\libg.a(libc_a-reent.o)
                              F:/CLion_Tools/10 2021.10/bin/../lib/gcc/arm-none-eabi/13.3.1/thumb/v7-m/nofp\libg.a(libc_a-closer.o) (errno)
F:/CLion_Tools/10 2021.10/bin/../lib/gcc/arm-none-eabi/13.3.1/thumb/v7-m/nofp\libg.a(libc_a-impure.o)
                              F:/CLion_Tools/10 2021.10/bin/../lib/gcc/arm-none-eabi/13.3.1/thumb/v7-m/nofp\libg.a(libc_a-snprintf.o) (_impure_ptr)
F:/CLion_Tools/10 2021.10/bin/../lib/gcc/arm-none-eabi/13.3.1/thumb/v7-m/nofp\libg.a(libc_a-lseekr.o)
                              F:/CLion_Tools/10 2021.10/bin/../lib/gcc/arm-none-eabi/13.3.1/thumb/v7-m/nofp\libg.a(libc_a-stdio.o) (_lseek_r)
F:/CLion_Tools/10 2021.10/bin/../lib/gcc/arm-none-eabi/13.3.1/thumb/v7-m/nofp\libg.a(libc_a-readr.o)
                              F:/CLion_Tools/10 2021.10/bin/../lib/gcc/arm-none-eabi/13.3.1/thumb/v7-m/nofp\libg.a(libc_a-stdio.o) (_read_r)
F:/CLion_Tools/10 2021.10/bin/../lib/gcc/arm-none-eabi/13.3.1/thumb/v7-m/nofp\libg.a(libc_a-writer.o)
                              F:/CLion_Tools/10 2021.10/bin/../lib/gcc/arm-none-eabi/13.3.1/thumb/v7-m/nofp\libg.a(libc_a-stdio.o) (_write_r)
F:/CLion_Tools/10 2021.10/bin/../lib/gcc/arm-none-eabi/13.3.1/thumb/v7-m/nofp\libg.a(libc_a-errno.o)
                              CMakeFiles/Rectangular_wave.elf.dir/Core/Src/syscalls.c.obj (__errno)
F:/CLion_Tools/10 2021.10/bin/../lib/gcc/arm-none-eabi/13.3.1/thumb/v7-m/nofp\libg.a(libc_a-init.o)
[...]
Memory Configuration

Name             Origin             Length             Attributes
RAM              0x20000000         0x00005000         xrw
FLASH            0x08000000         0x00010000         xr
*default*        0x00000000         0xffffffff

Linker script and memory map

LOAD F:/CLion_Tools/10 2021.10/bin/../lib/gcc/arm-none-eabi/13.3.1/thumb/v7-m/nofp/crti.o
LOAD F:/CLion_Tools/10 2021.10/bin/../lib/gcc/arm-none-eabi/13.3.1/thumb/v7-m/nofp/crtbegin.o
LOAD F:/CLion_Tools/10 2021.10/bin/../lib/gcc/arm-none-eabi/13.3.1/thumb/v7-m/nofp/crt0.o
LOAD CMakeFiles/Rectangular_wave.elf.dir/Core/HARDWARE/adc_voltage.c.obj
LOAD CMakeFiles/Rectangular_wave.elf.dir/Core/HARDWARE/font.c.obj
LOAD CMakeFiles/Rectangular_wave.elf.dir/Core/HARDWARE/oled.c.obj
LOAD CMakeFiles/Rectangular_wave.elf.dir/Core/HARDWARE/timer_capture.c.obj
LOAD CMakeFiles/Rectangular_wave.elf.dir/Core/Src/adc.c.obj
LOAD CMakeFiles/Rectangular_wave.elf.dir/Core/Src/gpio.c.obj
LOAD CMakeFiles/Rectangular_wave.elf.dir/Core/Src/i2c.c.obj
LOAD CMakeFiles/Rectangular_wave.elf.dir/Core/Src/main.c.obj
LOAD CMakeFiles/Rectangular_wave.elf.dir/Core/Src/stm32f1xx_hal_msp.c.obj
LOAD CMakeFiles/Rectangular_wave.elf.dir/Core/Src/stm32f1xx_it.c.obj
LOAD CMakeFiles/Rectangular_wave.elf.dir/Core/Src/syscalls.c.obj
LOAD CMakeFiles/Rectangular_wave.elf.dir/Core/Src/sysmem.c.obj
LOAD CMakeFiles/Rectangular_wave.elf.dir/Core/Src/system_stm32f1xx.c.obj
LOAD CMakeFiles/Rectangular_wave.elf.dir/Core/Src/tim.c.obj
LOAD CMakeFiles/Rectangular_wave.elf.dir/Core/Startup/startup_stm32f103c8tx.s.obj
LOAD CMakeFiles/Rectangular_wave.elf.dir/Drivers/STM32F1xx_HAL_Driver/Src/stm32f1xx_hal.c.obj
LOAD CMakeFiles/Rectangular_wave.elf.dir/Drivers/STM32F1xx_HAL_Driver/Src/stm32f1xx_hal_adc.c.obj
LOAD CMakeFiles/Rectangular_wave.elf.dir/Drivers/STM32F1xx_HAL_Driver/Src/stm32f1xx_hal_adc_ex.c.obj
LOAD CMakeFiles/Rectangular_wave.elf.dir/Drivers/STM32F1xx_HAL_Driver/Src/stm32f1xx_hal_cortex.c.obj
LOAD CMakeFiles/Rectangular_wave.elf.dir/Drivers/STM32F1xx_HAL_Driver/Src/stm32f1xx_hal_dma.c.obj
LOAD CMakeFiles/Rectangular_wave.elf.dir/Drivers/STM32F1xx_HAL_Driver/Src/stm32f1xx_hal_exti.c.obj
LOAD CMakeFiles/Rectangular_wave.elf.dir/Drivers/STM32F1xx_HAL_Driver/Src/stm32f1xx_hal_flash.c.obj
LOAD CMakeFiles/Rectangular_wave.elf.dir/Drivers/STM32F1xx_HAL_Driver/Src/stm32f1xx_hal_flash_ex.c.obj
LOAD CMakeFiles/Rectangular_wave.elf.dir/Drivers/STM32F1xx_HAL_Driver/Src/stm32f1xx_hal_gpio.c.obj
LOAD CMakeFiles/Rectangular_wave.elf.dir/Drivers/STM32F1xx_HAL_Driver/Src/stm32f1xx_hal_gpio_ex.c.obj
LOAD CMakeFiles/Rectangular_wave.elf.dir/Drivers/STM32F1xx_HAL_Driver/Src/stm32f1xx_hal_i2c.c.obj
LOAD CMakeFiles/Rectangular_wave.elf.dir/Drivers/STM32F1xx_HAL_Driver/Src/stm32f1xx_hal_pwr.c.obj
LOAD CMakeFiles/Rectangular_wave.elf.dir/Drivers/STM32F1xx_HAL_Driver/Src/stm32f1xx_hal_rcc.c.obj
LOAD CMakeFiles/Rectangular_wave.elf.dir/Drivers/STM32F1xx_HAL_Driver/Src/stm32f1xx_hal_rcc_ex.c.obj
LOAD CMakeFiles/Rectangular_wave.elf.dir/Drivers/STM32F1xx_HAL_Driver/Src/stm32f1xx_hal_tim.c.obj
LOAD CMakeFiles/Rectangular_wave.elf.dir/Drivers/STM32F1xx_HAL_Driver/Src/stm32f1xx_hal_tim_ex.c.obj
START GROUP
LOAD F:/CLion_Tools/10 2021.10/bin/../lib/gcc/arm-none-eabi/13.3.1/thumb/v7-m/nofp\libgcc.a
LOAD F:/CLion_Tools/10 2021.10/bin/../lib/gcc/arm-none-eabi/13.3.1/thumb/v7-m/nofp\libg.a
LOAD F:/CLion_Tools/10 2021.10/bin/../lib/gcc/arm-none-eabi/13.3.1/thumb/v7-m/nofp\libc.a
END GROUP
LOAD F:/CLion_Tools/10 2021.10/bin/../lib/gcc/arm-none-eabi/13.3.1/thumb/v7-m/nofp/crtend.o
LOAD F:/CLion_Tools/10 2021.10/bin/../lib/gcc/arm-none-eabi/13.3.1/thumb/v7-m/nofp/crtn.o
                0x20005000                        _estack = (ORIGIN (RAM) + LENGTH (RAM))
                0x00000200                        _Min_Heap_Size = 0x200
                0x00000400                        _Min_Stack_Size = 0x400

.isr_vector     0x08000000      0x10c
                0x08000000                        . = ALIGN (0x4)
 *(.isr_vector)
 .isr_vector    0x08000000      0x10c CMakeFiles/Rectangular_wave.elf.dir/Core/Startup/startup_stm32f103c8tx.s.obj
                0x08000000                g_pfnVectors
                0x0800010c                        . = ALIGN (0x4)

.text           0x08000110     0x9f60
                0x08000110                        . = ALIGN (0x4)
 *(.text)
 .text          0x08000110      0x378 F:/CLion_Tools/10 2021.10/bin/../lib/gcc/arm-none-eabi/13.3.1/thumb/v7-m/nofp\libgcc.a(_arm_addsubdf3.o)
                0x08000110                __aeabi_drsub
                0x08000118                __aeabi_dsub
                0x08000118                __subdf3
                0x0800011c                __aeabi_dadd
                0x0800011c                __adddf3
                0x08000394                __floatunsidf
                0x08000394                __aeabi_ui2d
                0x080003b4                __floatsidf
                0x080003b4                __aeabi_i2d
                0x080003d8                __aeabi_f2d
                0x080003d8                __extendsfdf2
                0x0800041c                __floatundidf
                0x0800041c                __aeabi_ul2d
                0x0800042c                __floatdidf
                0x0800042c                __aeabi_l2d
 .text          0x08000488       0x50 F:/CLion_Tools/10 2021.10/bin/../lib/gcc/arm-none-eabi/13.3.1/thumb/v7-m/nofp\libgcc.a(_arm_fixdfsi.o)
                0x08000488                __aeabi_d2iz
                0x08000488                __fixdfsi
 .text          0x080004d8      0x21c F:/CLion_Tools/10 2021.10/bin/../lib/gcc/arm-none-eabi/13.3.1/thumb/v7-m/nofp\libgcc.a(_arm_addsubsf3.o)
                0x080004d8                __aeabi_frsub
                0x080004e0                __subsf3
                0x080004e0                __aeabi_fsub
                0x080004e4                __aeabi_fadd
                0x080004e4                __addsf3
                0x08000644                __aeabi_ui2f
                0x08000644                __floatunsisf
                0x0800064c                __aeabi_i2f
                0x0800064c                __floatsisf
                0x08000668                __aeabi_ul2f
                0x08000668                __floatundisf
                0x08000678                __aeabi_l2f
                0x08000678                __floatdisf
 .text          0x080006f4      0x2a0 F:/CLion_Tools/10 2021.10/bin/../lib/gcc/arm-none-eabi/13.3.1/thumb/v7-m/nofp\libgcc.a(_arm_muldivsf3.o)
                0x080006f4                __mulsf3
                0x080006f4                __aeabi_fmul
                0x0800085c                __aeabi_fdiv
                0x0800085c                __divsf3
 .text          0x08000994       0xec F:/CLion_Tools/10 2021.10/bin/../lib/gcc/arm-none-eabi/13.3.1/thumb/v7-m/nofp\libgcc.a(_arm_cmpsf2.o)
                0x08000994                __gesf2
                0x08000994                __gtsf2
                0x0800099c                __lesf2
                0x0800099c                __ltsf2
                0x080009a4                __nesf2
                0x080009a4                __eqsf2
                0x080009a4                __cmpsf2
                0x08000a04                __aeabi_cfrcmple
                0x08000a0c                __aeabi_cfcmpeq
                0x08000a0c                __aeabi_cfcmple
                0x08000a1c                __aeabi_fcmpeq
                0x08000a30                __aeabi_fcmplt
                0x08000a44                __aeabi_fcmple
                0x08000a58                __aeabi_fcmpge
                0x08000a6c                __aeabi_fcmpgt
 .text          0x08000a80       0xec F:/CLion_Tools/10 2021.10/bin/../lib/gcc/arm-none-eabi/13.3.1/thumb/v7-m/nofp\libg.a(libc_a-memcpy.o)
                0x08000a80                memcpy
 .text          0x08000b6c      0x424 F:/CLion_Tools/10 2021.10/bin/../lib/gcc/arm-none-eabi/13.3.1/thumb/v7-m/nofp\libgcc.a(_arm_muldivdf3.o)
                0x08000b6c                __aeabi_dmul
                0x08000b6c                __muldf3
                0x08000dc0                __divdf3
                0x08000dc0                __aeabi_ddiv
 .text          0x08000f90      0x110 F:/CLion_Tools/10 2021.10/bin/../lib/gcc/arm-none-eabi/13.3.1/thumb/v7-m/nofp\libgcc.a(_arm_cmpdf2.o)
                0x08000f90                __gtdf2
                0x08000f90                __gedf2
                0x08000f98                __ltdf2
                0x08000f98                __ledf2
                0x08000fa0                __nedf2
                0x08000fa0                __eqdf2
                0x08000fa0                __cmpdf2
                0x0800101c                __aeabi_cdrcmple
                0x0800102c                __aeabi_cdcmpeq
                0x0800102c                __aeabi_cdcmple
                0x0800103c                __aeabi_dcmpeq
                0x08001050                __aeabi_dcmplt
                0x08001064                __aeabi_dcmple
                0x08001078                __aeabi_dcmpge
                0x0800108c                __aeabi_dcmpgt
 .text          0x080010a0       0x2c F:/CLion_Tools/10 2021.10/bin/../lib/gcc/arm-none-eabi/13.3.1/thumb/v7-m/nofp\libgcc.a(_arm_unorddf2.o)
                0x080010a0                __unorddf2
                0x080010a0                __aeabi_dcmpun
 *(.text*)
 .text.deregister_tm_clones
                0x080010cc       0x1c F:/CLion_Tools/10 2021.10/bin/../lib/gcc/arm-none-eabi/13.3.1/thumb/v7-m/nofp/crtbegin.o
 .text.register_tm_clones
                0x080010e8       0x24 F:/CLion_Tools/10 2021.10/bin/../lib/gcc/arm-none-eabi/13.3.1/thumb/v7-m/nofp/crtbegin.o
 .text.__do_global_dtors_aux
                0x0800110c       0x28 F:/CLion_Tools/10 2021.10/bin/../lib/gcc/arm-none-eabi/13.3.1/thumb/v7-m/nofp/crtbegin.o
 .text.frame_dummy
                0x08001134       0x24 F:/CLion_Tools/10 2021.10/bin/../lib/gcc/arm-none-eabi/13.3.1/thumb/v7-m/nofp/crtbegin.o
 .text.ADCVoltage_Init
                0x08001158       0x10 CMakeFiles/Rectangular_wave.elf.dir/Core/HARDWARE/adc_voltage.c.obj
                0x08001158                ADCVoltage_Init
 .text.ADCVoltage_Start
                0x08001168       0x14 CMakeFiles/Rectangular_wave.elf.dir/Core/HARDWARE/adc_voltage.c.obj
                0x08001168                ADCVoltage_Start
 .text.ADCVoltage_GetRawValue
                0x0800117c       0x64 CMakeFiles/Rectangular_wave.elf.dir/Core/HARDWARE/adc_voltage.c.obj
                0x0800117c                ADCVoltage_GetRawValue
 .text.ADCVoltage_GetVoltage
                0x080011e0       0x40 CMakeFiles/Rectangular_wave.elf.dir/Core/HARDWARE/adc_voltage.c.obj
                0x080011e0                ADCVoltage_GetVoltage
 .text.ADCVoltage_GetRMSVoltage
                0x08001220       0x14 CMakeFiles/Rectangular_wave.elf.dir/Core/HARDWARE/adc_voltage.c.obj
                0x08001220                ADCVoltage_GetRMSVoltage
 .text.OLED_Send
                0x08001234       0x20 CMakeFiles/Rectangular_wave.elf.dir/Core/HARDWARE/oled.c.obj
                0x08001234                OLED_Send
 .text.OLED_SendCmd
                0x08001254       0x14 CMakeFiles/Rectangular_wave.elf.dir/Core/HARDWARE/oled.c.obj
                0x08001254                OLED_SendCmd
 .text.OLED_NewFrame
                0x08001268       0x14 CMakeFiles/Rectangular_wave.elf.dir/Core/HARDWARE/oled.c.obj
                0x08001268                OLED_NewFrame
 .text.OLED_ShowFrame
                0x0800127c       0x50 CMakeFiles/Rectangular_wave.elf.dir/Core/HARDWARE/oled.c.obj
                0x0800127c                OLED_ShowFrame
 .text.OLED_Init
                0x080012cc       0xa8 CMakeFiles/Rectangular_wave.elf.dir/Core/HARDWARE/oled.c.obj
                0x080012cc                OLED_Init
 .text.OLED_SetByte_Fine
                0x08001374       0x74 CMakeFiles/Rectangular_wave.elf.dir/Core/HARDWARE/oled.c.obj
                0x08001374                OLED_SetByte_Fine
 .text.OLED_SetBits_Fine
                0x080013e8       0x78 CMakeFiles/Rectangular_wave.elf.dir/Core/HARDWARE/oled.c.obj
                0x080013e8                OLED_SetBits_Fine
 .text.OLED_SetBits
                0x08001460       0x4e CMakeFiles/Rectangular_wave.elf.dir/Core/HARDWARE/oled.c.obj
                0x08001460                OLED_SetBits
 .text.OLED_SetBlock
                0x080014ae       0x8e CMakeFiles/Rectangular_wave.elf.dir/Core/HARDWARE/oled.c.obj
                0x080014ae                OLED_SetBlock
 .text.OLED_PrintASCIIChar
                0x0800153c       0x2c CMakeFiles/Rectangular_wave.elf.dir/Core/HARDWARE/oled.c.obj
                0x0800153c                OLED_PrintASCIIChar
 .text.OLED_PrintASCIIString
                0x08001568       0x36 CMakeFiles/Rectangular_wave.elf.dir/Core/HARDWARE/oled.c.obj
                0x08001568                OLED_PrintASCIIString
 *fill*         0x0800159e        0x2 
 .text.OLED_PrintFloat
                0x080015a0       0x40 CMakeFiles/Rectangular_wave.elf.dir/Core/HARDWARE/oled.c.obj
                0x080015a0                OLED_PrintFloat
 .text.TimerCapture_Init
                0x080015e0       0x24 CMakeFiles/Rectangular_wave.elf.dir/Core/HARDWARE/timer_capture.c.obj
                0x080015e0                TimerCapture_Init
 .text.TimerCapture_Start
                0x08001604       0x20 CMakeFiles/Rectangular_wave.elf.dir/Core/HARDWARE/timer_capture.c.obj
                0x08001604                TimerCapture_Start
 .text.TimerCapture_RisingCallback
                0x08001624       0x50 CMakeFiles/Rectangular_wave.elf.dir/Core/HARDWARE/timer_capture.c.obj
                0x08001624                TimerCapture_RisingCallback
 .text.TimerCapture_FallingCallback
                0x08001674       0x48 CMakeFiles/Rectangular_wave.elf.dir/Core/HARDWARE/timer_capture.c.obj
                0x08001674                TimerCapture_FallingCallback
 .text.TimerCapture_CalculateFrequency
                0x080016bc       0x44 CMakeFiles/Rectangular_wave.elf.dir/Core/HARDWARE/timer_capture.c.obj
                0x080016bc                TimerCapture_CalculateFrequency
 .text.TimerCapture_CalculateDutyCycle
                0x08001700       0x34 CMakeFiles/Rectangular_wave.elf.dir/Core/HARDWARE/timer_capture.c.obj
                0x08001700                TimerCapture_CalculateDutyCycle
 .text.MX_ADC1_Init
                0x08001734       0x5c CMakeFiles/Rectangular_wave.elf.dir/Core/Src/adc.c.obj
                0x08001734                MX_ADC1_Init
 .text.HAL_ADC_MspInit
                0x08001790       0x60 CMakeFiles/Rectangular_wave.elf.dir/Core/Src/adc.c.obj
                0x08001790                HAL_ADC_MspInit
 .text.MX_GPIO_Init
                0x080017f0       0x8c CMakeFiles/Rectangular_wave.elf.dir/Core/Src/gpio.c.obj
                0x080017f0                MX_GPIO_Init
 .text.MX_I2C1_Init
                0x0800187c       0x3c CMakeFiles/Rectangular_wave.elf.dir/Core/Src/i2c.c.obj
                0x0800187c                MX_I2C1_Init
 .text.HAL_I2C_MspInit
                0x080018b8       0x78 CMakeFiles/Rectangular_wave.elf.dir/Core/Src/i2c.c.obj
                0x080018b8                HAL_I2C_MspInit
 .text.get_capture_Fre
                0x08001930       0x5c CMakeFiles/Rectangular_wave.elf.dir/Core/Src/main.c.obj
                0x08001930                get_capture_Fre
 .text.get_capture_duty
                0x0800198c        0xc CMakeFiles/Rectangular_wave.elf.dir/Core/Src/main.c.obj
                0x0800198c                get_capture_duty
 .text.get_RMS  0x08001998       0x18 CMakeFiles/Rectangular_wave.elf.dir/Core/Src/main.c.obj
                0x08001998                get_RMS
 .text.HAL_TIM_IC_CaptureCallback
                0x080019b0       0x28 CMakeFiles/Rectangular_wave.elf.dir/Core/Src/main.c.obj
                0x080019b0                HAL_TIM_IC_CaptureCallback
 .text.Error_Handler
                0x080019d8        0x4 CMakeFiles/Rectangular_wave.elf.dir/Core/Src/main.c.obj
                0x080019d8                Error_Handler
 .text.SystemClock_Config
                0x080019dc       0x84 CMakeFiles/Rectangular_wave.elf.dir/Core/Src/main.c.obj
                0x080019dc                SystemClock_Config
 .text.main     0x08001a60      0x11c CMakeFiles/Rectangular_wave.elf.dir/Core/Src/main.c.obj
                0x08001a60                main
 .text.HAL_MspInit
                0x08001b7c       0x44 CMakeFiles/Rectangular_wave.elf.dir/Core/Src/stm32f1xx_hal_msp.c.obj
                0x08001b7c                HAL_MspInit
 .text.NMI_Handler
                0x08001bc0        0x2 CMakeFiles/Rectangular_wave.elf.dir/Core/Src/stm32f1xx_it.c.obj
                0x08001bc0                NMI_Handler
 .text.HardFault_Handler
                0x08001bc2        0x2 CMakeFiles/Rectangular_wave.elf.dir/Core/Src/stm32f1xx_it.c.obj
                0x08001bc2                HardFault_Handler
 .text.MemManage_Handler
                0x08001bc4        0x2 CMakeFiles/Rectangular_wave.elf.dir/Core/Src/stm32f1xx_it.c.obj
                0x08001bc4                MemManage_Handler
 .text.BusFault_Handler
                0x08001bc6        0x2 CMakeFiles/Rectangular_wave.elf.dir/Core/Src/stm32f1xx_it.c.obj
                0x08001bc6                BusFault_Handler
 .text.UsageFault_Handler
                0x08001bc8        0x2 CMakeFiles/Rectangular_wave.elf.dir/Core/Src/stm32f1xx_it.c.obj
                0x08001bc8                UsageFault_Handler
 .text.SVC_Handler
                0x08001bca        0x2 CMakeFiles/Rectangular_wave.elf.dir/Core/Src/stm32f1xx_it.c.obj
                0x08001bca                SVC_Handler
 .text.DebugMon_Handler
                0x08001bcc        0x2 CMakeFiles/Rectangular_wave.elf.dir/Core/Src/stm32f1xx_it.c.obj
                0x08001bcc                DebugMon_Handler
 .text.PendSV_Handler
                0x08001bce        0x2 CMakeFiles/Rectangular_wave.elf.dir/Core/Src/stm32f1xx_it.c.obj
                0x08001bce                PendSV_Handler
 .text.SysTick_Handler
                0x08001bd0        0x8 CMakeFiles/Rectangular_wave.elf.dir/Core/Src/stm32f1xx_it.c.obj
                0x08001bd0                SysTick_Handler
 .text.TIM1_CC_IRQHandler
                0x08001bd8       0x10 CMakeFiles/Rectangular_wave.elf.dir/Core/Src/stm32f1xx_it.c.obj
                0x08001bd8                TIM1_CC_IRQHandler
 .text._getpid  0x08001be8        0x4 CMakeFiles/Rectangular_wave.elf.dir/Core/Src/syscalls.c.obj
                0x08001be8                _getpid
 .text._kill    0x08001bec       0x10 CMakeFiles/Rectangular_wave.elf.dir/Core/Src/syscalls.c.obj
                0x08001bec                _kill
 .text._exit    0x08001bfc        0xc CMakeFiles/Rectangular_wave.elf.dir/Core/Src/syscalls.c.obj
                0x08001bfc                _exit
 .text._read    0x08001c08       0x20 CMakeFiles/Rectangular_wave.elf.dir/Core/Src/syscalls.c.obj
                0x08001c08                _read
 .text._write   0x08001c28       0x1c CMakeFiles/Rectangular_wave.elf.dir/Core/Src/syscalls.c.obj
                0x08001c28                _write
 .text._close   0x08001c44        0x6 CMakeFiles/Rectangular_wave.elf.dir/Core/Src/syscalls.c.obj
                0x08001c44                _close
 .text._fstat   0x08001c4a        0xa CMakeFiles/Rectangular_wave.elf.dir/Core/Src/syscalls.c.obj
                0x08001c4a                _fstat
 .text._isatty  0x08001c54        0x4 CMakeFiles/Rectangular_wave.elf.dir/Core/Src/syscalls.c.obj
                0x08001c54                _isatty
 .text._lseek   0x08001c58        0x4 CMakeFiles/Rectangular_wave.elf.dir/Core/Src/syscalls.c.obj
                0x08001c58                _lseek
 .text._sbrk    0x08001c5c       0x48 CMakeFiles/Rectangular_wave.elf.dir/Core/Src/sysmem.c.obj
                0x08001c5c                _sbrk
 .text.SystemInit
                0x08001ca4        0x2 CMakeFiles/Rectangular_wave.elf.dir/Core/Src/system_stm32f1xx.c.obj
                0x08001ca4                SystemInit
 *fill*         0x08001ca6        0x2 
 .text.MX_TIM1_Init
                0x08001ca8       0xbc CMakeFiles/Rectangular_wave.elf.dir/Core/Src/tim.c.obj
                0x08001ca8                MX_TIM1_Init
 .text.HAL_TIM_Base_MspInit
                0x08001d64       0x6c CMakeFiles/Rectangular_wave.elf.dir/Core/Src/tim.c.obj
                0x08001d64                HAL_TIM_Base_MspInit
 .text.Reset_Handler
                0x08001dd0       0x48 CMakeFiles/Rectangular_wave.elf.dir/Core/Startup/startup_stm32f103c8tx.s.obj
                0x08001dd0                Reset_Handler
 .text.Default_Handler
                0x08001e18        0x2 CMakeFiles/Rectangular_wave.elf.dir/Core/Startup/startup_stm32f103c8tx.s.obj
                0x08001e18                RTC_Alarm_IRQHandler
                0x08001e18                EXTI2_IRQHandler
                0x08001e18                PVD_IRQHandler
                0x08001e18                EXTI3_IRQHandler
                0x08001e18                EXTI0_IRQHandler
                0x08001e18                I2C2_EV_IRQHandler
                0x08001e18                ADC1_2_IRQHandler
                0x08001e18                SPI1_IRQHandler
                0x08001e18                TAMPER_IRQHandler
                0x08001e18                DMA1_Channel4_IRQHandler
                0x08001e18                USART3_IRQHandler
                0x08001e18                RTC_IRQHandler
                0x08001e18                DMA1_Channel7_IRQHandler
                0x08001e18                CAN1_RX1_IRQHandler
                0x08001e18                TIM4_IRQHandler
                0x08001e18                I2C1_EV_IRQHandler
                0x08001e18                DMA1_Channel6_IRQHandler
                0x08001e18                TIM3_IRQHandler
                0x08001e18                RCC_IRQHandler
                0x08001e18                TIM1_TRG_COM_IRQHandler
                0x08001e18                DMA1_Channel1_IRQHandler
                0x08001e18                Default_Handler
                0x08001e18                EXTI15_10_IRQHandler
                0x08001e18                EXTI9_5_IRQHandler
                0x08001e18                SPI2_IRQHandler
                0x08001e18                DMA1_Channel5_IRQHandler
                0x08001e18                EXTI4_IRQHandler
                0x08001e18                USB_LP_CAN1_RX0_IRQHandler
                0x08001e18                USB_HP_CAN1_TX_IRQHandler
                0x08001e18                DMA1_Channel3_IRQHandler
                0x08001e18                TIM1_UP_IRQHandler
                0x08001e18                WWDG_IRQHandler
                0x08001e18                TIM2_IRQHandler
                0x08001e18                TIM1_BRK_IRQHandler
                0x08001e18                EXTI1_IRQHandler
                0x08001e18                USART2_IRQHandler
                0x08001e18                I2C2_ER_IRQHandler
                0x08001e18                DMA1_Channel2_IRQHandler
                0x08001e18                CAN1_SCE_IRQHandler
                0x08001e18                FLASH_IRQHandler
                0x08001e18                USART1_IRQHandler
                0x08001e18                I2C1_ER_IRQHandler
                0x08001e18                USBWakeUp_IRQHandler
 *fill*         0x08001e1a        0x2 
 .text.HAL_InitTick
                0x08001e1c       0x4c CMakeFiles/Rectangular_wave.elf.dir/Drivers/STM32F1xx_HAL_Driver/Src/stm32f1xx_hal.c.obj
                0x08001e1c                HAL_InitTick
 .text.HAL_Init
                0x08001e68       0x24 CMakeFiles/Rectangular_wave.elf.dir/Drivers/STM32F1xx_HAL_Driver/Src/stm32f1xx_hal.c.obj
                0x08001e68                HAL_Init
 .text.HAL_IncTick
                0x08001e8c       0x18 CMakeFiles/Rectangular_wave.elf.dir/Drivers/STM32F1xx_HAL_Driver/Src/stm32f1xx_hal.c.obj
                0x08001e8c                HAL_IncTick
 .text.HAL_GetTick
                0x08001ea4        0xc CMakeFiles/Rectangular_wave.elf.dir/Drivers/STM32F1xx_HAL_Driver/Src/stm32f1xx_hal.c.obj
                0x08001ea4                HAL_GetTick
 .text.HAL_Delay
                0x08001eb0       0x28 CMakeFiles/Rectangular_wave.elf.dir/Drivers/STM32F1xx_HAL_Driver/Src/stm32f1xx_hal.c.obj
                0x08001eb0                HAL_Delay
 .text.HAL_ADC_PollForConversion
                0x08001ed8      0x184 CMakeFiles/Rectangular_wave.elf.dir/Drivers/STM32F1xx_HAL_Driver/Src/stm32f1xx_hal_adc.c.obj
                0x08001ed8                HAL_ADC_PollForConversion
 .text.HAL_ADC_GetValue
                0x0800205c        0x6 CMakeFiles/Rectangular_wave.elf.dir/Drivers/STM32F1xx_HAL_Driver/Src/stm32f1xx_hal_adc.c.obj
                0x0800205c                HAL_ADC_GetValue
 *fill*         0x08002062        0x2 
 .text.HAL_ADC_ConfigChannel
                0x08002064      0x140 CMakeFiles/Rectangular_wave.elf.dir/Drivers/STM32F1xx_HAL_Driver/Src/stm32f1xx_hal_adc.c.obj
                0x08002064                HAL_ADC_ConfigChannel
 .text.ADC_Enable
                0x080021a4       0x88 CMakeFiles/Rectangular_wave.elf.dir/Drivers/STM32F1xx_HAL_Driver/Src/stm32f1xx_hal_adc.c.obj
                0x080021a4                ADC_Enable
 .text.HAL_ADC_Start
                0x0800222c       0xe8 CMakeFiles/Rectangular_wave.elf.dir/Drivers/STM32F1xx_HAL_Driver/Src/stm32f1xx_hal_adc.c.obj
                0x0800222c                HAL_ADC_Start
 .text.ADC_ConversionStop_Disable
                0x08002314       0x56 CMakeFiles/Rectangular_wave.elf.dir/Drivers/STM32F1xx_HAL_Driver/Src/stm32f1xx_hal_adc.c.obj
                0x08002314                ADC_ConversionStop_Disable
 *fill*         0x0800236a        0x2 
 .text.HAL_ADC_Init
                0x0800236c      0x108 CMakeFiles/Rectangular_wave.elf.dir/Drivers/STM32F1xx_HAL_Driver/Src/stm32f1xx_hal_adc.c.obj
                0x0800236c                HAL_ADC_Init
 .text.HAL_ADC_Stop
                0x08002474       0x34 CMakeFiles/Rectangular_wave.elf.dir/Drivers/STM32F1xx_HAL_Driver/Src/stm32f1xx_hal_adc.c.obj
                0x08002474                HAL_ADC_Stop
 .text.HAL_ADCEx_Calibration_Start
                0x080024a8      0x100 CMakeFiles/Rectangular_wave.elf.dir/Drivers/STM32F1xx_HAL_Driver/Src/stm32f1xx_hal_adc_ex.c.obj
                0x080024a8                HAL_ADCEx_Calibration_Start
 .text.__NVIC_SetPriority
                0x080025a8       0x28 CMakeFiles/Rectangular_wave.elf.dir/Drivers/STM32F1xx_HAL_Driver/Src/stm32f1xx_hal_cortex.c.obj
 .text.NVIC_EncodePriority
                0x080025d0       0x3e CMakeFiles/Rectangular_wave.elf.dir/Drivers/STM32F1xx_HAL_Driver/Src/stm32f1xx_hal_cortex.c.obj
 *fill*         0x0800260e        0x2 
 .text.HAL_NVIC_SetPriorityGrouping
                0x08002610       0x24 CMakeFiles/Rectangular_wave.elf.dir/Drivers/STM32F1xx_HAL_Driver/Src/stm32f1xx_hal_cortex.c.obj
                0x08002610                HAL_NVIC_SetPriorityGrouping
 .text.HAL_NVIC_SetPriority
                0x08002634       0x20 CMakeFiles/Rectangular_wave.elf.dir/Drivers/STM32F1xx_HAL_Driver/Src/stm32f1xx_hal_cortex.c.obj
                0x08002634                HAL_NVIC_SetPriority
 .text.HAL_NVIC_EnableIRQ
                0x08002654       0x1c CMakeFiles/Rectangular_wave.elf.dir/Drivers/STM32F1xx_HAL_Driver/Src/stm32f1xx_hal_cortex.c.obj
                0x08002654                HAL_NVIC_EnableIRQ
 .text.HAL_SYSTICK_Config
                0x08002670       0x28 CMakeFiles/Rectangular_wave.elf.dir/Drivers/STM32F1xx_HAL_Driver/Src/stm32f1xx_hal_cortex.c.obj
                0x08002670                HAL_SYSTICK_Config
 .text.HAL_GPIO_Init
                0x08002698      0x21c CMakeFiles/Rectangular_wave.elf.dir/Drivers/STM32F1xx_HAL_Driver/Src/stm32f1xx_hal_gpio.c.obj
                0x08002698                HAL_GPIO_Init
 .text.HAL_GPIO_WritePin
                0x080028b4        0xc CMakeFiles/Rectangular_wave.elf.dir/Drivers/STM32F1xx_HAL_Driver/Src/stm32f1xx_hal_gpio.c.obj
                0x080028b4                HAL_GPIO_WritePin
 .text.I2C_IsAcknowledgeFailed
                0x080028c0       0x32 CMakeFiles/Rectangular_wave.elf.dir/Drivers/STM32F1xx_HAL_Driver/Src/stm32f1xx_hal_i2c.c.obj
 .text.I2C_WaitOnFlagUntilTimeout
                0x080028f2       0xaa CMakeFiles/Rectangular_wave.elf.dir/Drivers/STM32F1xx_HAL_Driver/Src/stm32f1xx_hal_i2c.c.obj
 .text.I2C_WaitOnMasterAddressFlagUntilTimeout
                0x0800299c       0xd6 CMakeFiles/Rectangular_wave.elf.dir/Drivers/STM32F1xx_HAL_Driver/Src/stm32f1xx_hal_i2c.c.obj
 *fill*         0x08002a72        0x2 
 .text.I2C_MasterRequestWrite
                0x08002a74       0xb4 CMakeFiles/Rectangular_wave.elf.dir/Drivers/STM32F1xx_HAL_Driver/Src/stm32f1xx_hal_i2c.c.obj
 .text.I2C_WaitOnTXEFlagUntilTimeout
                0x08002b28       0x5e CMakeFiles/Rectangular_wave.elf.dir/Drivers/STM32F1xx_HAL_Driver/Src/stm32f1xx_hal_i2c.c.obj
 .text.I2C_WaitOnBTFFlagUntilTimeout
                0x08002b86       0x5e CMakeFiles/Rectangular_wave.elf.dir/Drivers/STM32F1xx_HAL_Driver/Src/stm32f1xx_hal_i2c.c.obj
 .text.HAL_I2C_Init
                0x08002be4      0x1bc CMakeFiles/Rectangular_wave.elf.dir/Drivers/STM32F1xx_HAL_Driver/Src/stm32f1xx_hal_i2c.c.obj
                0x08002be4                HAL_I2C_Init
 .text.HAL_I2C_Master_Transmit
                0x08002da0      0x178 CMakeFiles/Rectangular_wave.elf.dir/Drivers/STM32F1xx_HAL_Driver/Src/stm32f1xx_hal_i2c.c.obj
                0x08002da0                HAL_I2C_Master_Transmit
 .text.RCC_Delay
                0x08002f18       0x2c CMakeFiles/Rectangular_wave.elf.dir/Drivers/STM32F1xx_HAL_Driver/Src/stm32f1xx_hal_rcc.c.obj
 .text.HAL_RCC_OscConfig
                0x08002f44      0x410 CMakeFiles/Rectangular_wave.elf.dir/Drivers/STM32F1xx_HAL_Driver/Src/stm32f1xx_hal_rcc.c.obj
                0x08002f44                HAL_RCC_OscConfig
 .text.HAL_RCC_GetSysClockFreq
                0x08003354       0x54 CMakeFiles/Rectangular_wave.elf.dir/Drivers/STM32F1xx_HAL_Driver/Src/stm32f1xx_hal_rcc.c.obj
                0x08003354                HAL_RCC_GetSysClockFreq
 .text.HAL_RCC_ClockConfig
                0x080033a8      0x16c CMakeFiles/Rectangular_wave.elf.dir/Drivers/STM32F1xx_HAL_Driver/Src/stm32f1xx_hal_rcc.c.obj
                0x080033a8                HAL_RCC_ClockConfig
 .text.HAL_RCC_GetHCLKFreq
                0x08003514        0xc CMakeFiles/Rectangular_wave.elf.dir/Drivers/STM32F1xx_HAL_Driver/Src/stm32f1xx_hal_rcc.c.obj
                0x08003514                HAL_RCC_GetHCLKFreq
 .text.HAL_RCC_GetPCLK1Freq
                0x08003520       0x20 CMakeFiles/Rectangular_wave.elf.dir/Drivers/STM32F1xx_HAL_Driver/Src/stm32f1xx_hal_rcc.c.obj
                0x08003520                HAL_RCC_GetPCLK1Freq
 .text.HAL_RCC_GetPCLK2Freq
                0x08003540       0x20 CMakeFiles/Rectangular_wave.elf.dir/Drivers/STM32F1xx_HAL_Driver/Src/stm32f1xx_hal_rcc.c.obj
                0x08003540                HAL_RCC_GetPCLK2Freq
 .text.HAL_RCCEx_PeriphCLKConfig
                0x08003560      0x118 CMakeFiles/Rectangular_wave.elf.dir/Drivers/STM32F1xx_HAL_Driver/Src/stm32f1xx_hal_rcc_ex.c.obj
                0x08003560                HAL_RCCEx_PeriphCLKConfig
 .text.HAL_RCCEx_GetPeriphCLKFreq
                0x08003678       0xd8 CMakeFiles/Rectangular_wave.elf.dir/Drivers/STM32F1xx_HAL_Driver/Src/stm32f1xx_hal_rcc_ex.c.obj
                0x08003678                HAL_RCCEx_GetPeriphCLKFreq
 .text.TIM_TI1_ConfigInputStage
                0x08003750       0x24 CMakeFiles/Rectangular_wave.elf.dir/Drivers/STM32F1xx_HAL_Driver/Src/stm32f1xx_hal_tim.c.obj
 .text.TIM_TI2_SetConfig
                0x08003774       0x36 CMakeFiles/Rectangular_wave.elf.dir/Drivers/STM32F1xx_HAL_Driver/Src/stm32f1xx_hal_tim.c.obj
 .text.TIM_TI2_ConfigInputStage
                0x080037aa       0x26 CMakeFiles/Rectangular_wave.elf.dir/Drivers/STM32F1xx_HAL_Driver/Src/stm32f1xx_hal_tim.c.obj
 .text.TIM_TI3_SetConfig
                0x080037d0       0x36 CMakeFiles/Rectangular_wave.elf.dir/Drivers/STM32F1xx_HAL_Driver/Src/stm32f1xx_hal_tim.c.obj
 .text.TIM_TI4_SetConfig
                0x08003806       0x36 CMakeFiles/Rectangular_wave.elf.dir/Drivers/STM32F1xx_HAL_Driver/Src/stm32f1xx_hal_tim.c.obj
 .text.TIM_ITRx_SetConfig
                0x0800383c       0x10 CMakeFiles/Rectangular_wave.elf.dir/Drivers/STM32F1xx_HAL_Driver/Src/stm32f1xx_hal_tim.c.obj
 .text.HAL_TIM_IC_MspInit
                0x0800384c        0x2 CMakeFiles/Rectangular_wave.elf.dir/Drivers/STM32F1xx_HAL_Driver/Src/stm32f1xx_hal_tim.c.obj
                0x0800384c                HAL_TIM_IC_MspInit
 .text.HAL_TIM_ReadCapturedValue
                0x0800384e       0x32 CMakeFiles/Rectangular_wave.elf.dir/Drivers/STM32F1xx_HAL_Driver/Src/stm32f1xx_hal_tim.c.obj
                0x0800384e                HAL_TIM_ReadCapturedValue
 .text.HAL_TIM_PeriodElapsedCallback
                0x08003880        0x2 CMakeFiles/Rectangular_wave.elf.dir/Drivers/STM32F1xx_HAL_Driver/Src/stm32f1xx_hal_tim.c.obj
                0x08003880                HAL_TIM_PeriodElapsedCallback
 .text.HAL_TIM_OC_DelayElapsedCallback
                0x08003882        0x2 CMakeFiles/Rectangular_wave.elf.dir/Drivers/STM32F1xx_HAL_Driver/Src/stm32f1xx_hal_tim.c.obj
                0x08003882                HAL_TIM_OC_DelayElapsedCallback
 .text.HAL_TIM_PWM_PulseFinishedCallback
                0x08003884        0x2 CMakeFiles/Rectangular_wave.elf.dir/Drivers/STM32F1xx_HAL_Driver/Src/stm32f1xx_hal_tim.c.obj
                0x08003884                HAL_TIM_PWM_PulseFinishedCallback
 .text.HAL_TIM_TriggerCallback
                0x08003886        0x2 CMakeFiles/Rectangular_wave.elf.dir/Drivers/STM32F1xx_HAL_Driver/Src/stm32f1xx_hal_tim.c.obj
                0x08003886                HAL_TIM_TriggerCallback
 .text.HAL_TIM_IRQHandler
                0x08003888      0x15e CMakeFiles/Rectangular_wave.elf.dir/Drivers/STM32F1xx_HAL_Driver/Src/stm32f1xx_hal_tim.c.obj
                0x08003888                HAL_TIM_IRQHandler
 *fill*         0x080039e6        0x2 
 .text.TIM_Base_SetConfig
                0x080039e8       0x84 CMakeFiles/Rectangular_wave.elf.dir/Drivers/STM32F1xx_HAL_Driver/Src/stm32f1xx_hal_tim.c.obj
                0x080039e8                TIM_Base_SetConfig
 .text.HAL_TIM_Base_Init
                0x08003a6c       0x58 CMakeFiles/Rectangular_wave.elf.dir/Drivers/STM32F1xx_HAL_Driver/Src/stm32f1xx_hal_tim.c.obj
                0x08003a6c                HAL_TIM_Base_Init
 .text.HAL_TIM_IC_Init
                0x08003ac4       0x58 CMakeFiles/Rectangular_wave.elf.dir/Drivers/STM32F1xx_HAL_Driver/Src/stm32f1xx_hal_tim.c.obj
                0x08003ac4                HAL_TIM_IC_Init
 .text.TIM_TI1_SetConfig
                0x08003b1c       0x58 CMakeFiles/Rectangular_wave.elf.dir/Drivers/STM32F1xx_HAL_Driver/Src/stm32f1xx_hal_tim.c.obj
                0x08003b1c                TIM_TI1_SetConfig
 .text.HAL_TIM_IC_ConfigChannel
                0x08003b74       0xcc CMakeFiles/Rectangular_wave.elf.dir/Drivers/STM32F1xx_HAL_Driver/Src/stm32f1xx_hal_tim.c.obj
                0x08003b74                HAL_TIM_IC_ConfigChannel
 .text.TIM_ETR_SetConfig
                0x08003c40       0x18 CMakeFiles/Rectangular_wave.elf.dir/Drivers/STM32F1xx_HAL_Driver/Src/stm32f1xx_hal_tim.c.obj
                0x08003c40                TIM_ETR_SetConfig
 .text.HAL_TIM_ConfigClockSource
                0x08003c58       0xfe CMakeFiles/Rectangular_wave.elf.dir/Drivers/STM32F1xx_HAL_Driver/Src/stm32f1xx_hal_tim.c.obj
                0x08003c58                HAL_TIM_ConfigClockSource
 .text.TIM_CCxChannelCmd
                0x08003d56       0x1e CMakeFiles/Rectangular_wave.elf.dir/Drivers/STM32F1xx_HAL_Driver/Src/stm32f1xx_hal_tim.c.obj
                0x08003d56                TIM_CCxChannelCmd
 .text.HAL_TIM_IC_Start_IT
                0x08003d74      0x148 CMakeFiles/Rectangular_wave.elf.dir/Drivers/STM32F1xx_HAL_Driver/Src/stm32f1xx_hal_tim.c.obj
                0x08003d74                HAL_TIM_IC_Start_IT
 .text.HAL_TIMEx_MasterConfigSynchronization
                0x08003ebc       0x6c CMakeFiles/Rectangular_wave.elf.dir/Drivers/STM32F1xx_HAL_Driver/Src/stm32f1xx_hal_tim_ex.c.obj
                0x08003ebc                HAL_TIMEx_MasterConfigSynchronization
 .text.HAL_TIMEx_CommutCallback
                0x08003f28        0x2 CMakeFiles/Rectangular_wave.elf.dir/Drivers/STM32F1xx_HAL_Driver/Src/stm32f1xx_hal_tim_ex.c.obj
                0x08003f28                HAL_TIMEx_CommutCallback
 .text.HAL_TIMEx_BreakCallback
                0x08003f2a        0x2 CMakeFiles/Rectangular_wave.elf.dir/Drivers/STM32F1xx_HAL_Driver/Src/stm32f1xx_hal_tim_ex.c.obj
                0x08003f2a                HAL_TIMEx_BreakCallback
 .text.stdio_exit_handler
                0x08003f2c       0x18 F:/CLion_Tools/10 2021.10/bin/../lib/gcc/arm-none-eabi/13.3.1/thumb/v7-m/nofp\libg.a(libc_a-findfp.o)
 .text.cleanup_stdio
                0x08003f44       0x40 F:/CLion_Tools/10 2021.10/bin/../lib/gcc/arm-none-eabi/13.3.1/thumb/v7-m/nofp\libg.a(libc_a-findfp.o)
 .text.global_stdio_init.part.0
                0x08003f84       0xf0 F:/CLion_Tools/10 2021.10/bin/../lib/gcc/arm-none-eabi/13.3.1/thumb/v7-m/nofp\libg.a(libc_a-findfp.o)
 .text.__sinit  0x08004074       0x3c F:/CLion_Tools/10 2021.10/bin/../lib/gcc/arm-none-eabi/13.3.1/thumb/v7-m/nofp\libg.a(libc_a-findfp.o)
                0x08004074                __sinit
 .text.__sfp_lock_acquire
                0x080040b0        0xc F:/CLion_Tools/10 2021.10/bin/../lib/gcc/arm-none-eabi/13.3.1/thumb/v7-m/nofp\libg.a(libc_a-findfp.o)
                0x080040b0                __sfp_lock_acquire
 .text.__sfp_lock_release
                0x080040bc        0xc F:/CLion_Tools/10 2021.10/bin/../lib/gcc/arm-none-eabi/13.3.1/thumb/v7-m/nofp\libg.a(libc_a-findfp.o)
                0x080040bc                __sfp_lock_release
 .text._fwalk_sglue
                0x080040c8       0x44 F:/CLion_Tools/10 2021.10/bin/../lib/gcc/arm-none-eabi/13.3.1/thumb/v7-m/nofp\libg.a(libc_a-fwalk.o)
                0x080040c8                _fwalk_sglue
 .text.snprintf
                0x0800410c       0x8c F:/CLion_Tools/10 2021.10/bin/../lib/gcc/arm-none-eabi/13.3.1/thumb/v7-m/nofp\libg.a(libc_a-snprintf.o)
                0x0800410c                snprintf
 .text.__sread  0x08004198       0x24 F:/CLion_Tools/10 2021.10/bin/../lib/gcc/arm-none-eabi/13.3.1/thumb/v7-m/nofp\libg.a(libc_a-stdio.o)
                0x08004198                __sread
 .text.__swrite
                0x080041bc       0x40 F:/CLion_Tools/10 2021.10/bin/../lib/gcc/arm-none-eabi/13.3.1/thumb/v7-m/nofp\libg.a(libc_a-stdio.o)
                0x080041bc                __swrite
 .text.__sseek  0x080041fc       0x24 F:/CLion_Tools/10 2021.10/bin/../lib/gcc/arm-none-eabi/13.3.1/thumb/v7-m/nofp\libg.a(libc_a-stdio.o)
                0x080041fc                __sseek
 .text.__sclose
                0x08004220        0x8 F:/CLion_Tools/10 2021.10/bin/../lib/gcc/arm-none-eabi/13.3.1/thumb/v7-m/nofp\libg.a(libc_a-stdio.o)
                0x08004220                __sclose
 .text.memset   0x08004228       0xa0 F:/CLion_Tools/10 2021.10/bin/../lib/gcc/arm-none-eabi/13.3.1/thumb/v7-m/nofp\libg.a(libc_a-memset.o)
                0x08004228                memset
 .text._close_r
                0x080042c8       0x24 F:/CLion_Tools/10 2021.10/bin/../lib/gcc/arm-none-eabi/13.3.1/thumb/v7-m/nofp\libg.a(libc_a-closer.o)
                0x080042c8                _close_r
 .text._lseek_r
                0x080042ec       0x2c F:/CLion_Tools/10 2021.10/bin/../lib/gcc/arm-none-eabi/13.3.1/thumb/v7-m/nofp\libg.a(libc_a-lseekr.o)
                0x080042ec                _lseek_r
 .text._read_r  0x08004318       0x2c F:/CLion_Tools/10 2021.10/bin/../lib/gcc/arm-none-eabi/13.3.1/thumb/v7-m/nofp\libg.a(libc_a-readr.o)
                0x08004318                _read_r
 .text._write_r
                0x08004344       0x2c F:/CLion_Tools/10 2021.10/bin/../lib/gcc/arm-none-eabi/13.3.1/thumb/v7-m/nofp\libg.a(libc_a-writer.o)
                0x08004344                _write_r
 .text.__errno  0x08004370        0xc F:/CLion_Tools/10 2021.10/bin/../lib/gcc/arm-none-eabi/13.3.1/thumb/v7-m/nofp\libg.a(libc_a-errno.o)
                0x08004370                __errno
 .text.__libc_init_array
                0x0800437c       0x50 F:/CLion_Tools/10 2021.10/bin/../lib/gcc/arm-none-eabi/13.3.1/thumb/v7-m/nofp\libg.a(libc_a-init.o)
                0x0800437c                __libc_init_array
 .text.__retarget_lock_init_recursive
                0x080043cc        0x4 F:/CLion_Tools/10 2021.10/bin/../lib/gcc/arm-none-eabi/13.3.1/thumb/v7-m/nofp\libg.a(libc_a-lock.o)
                0x080043cc                __retarget_lock_init_recursive
 .text.__retarget_lock_close_recursive
                0x080043d0        0x4 F:/CLion_Tools/10 2021.10/bin/../lib/gcc/arm-none-eabi/13.3.1/thumb/v7-m/nofp\libg.a(libc_a-lock.o)
                0x080043d0                __retarget_lock_close_recursive
 .text.__retarget_lock_acquire_recursive
                0x080043d4        0x4 F:/CLion_Tools/10 2021.10/bin/../lib/gcc/arm-none-eabi/13.3.1/thumb/v7-m/nofp\libg.a(libc_a-lock.o)
                0x080043d4                __retarget_lock_acquire_recursive
 .text.__retarget_lock_release_recursive
                0x080043d8        0x4 F:/CLion_Tools/10 2021.10/bin/../lib/gcc/arm-none-eabi/13.3.1/thumb/v7-m/nofp\libg.a(libc_a-lock.o)
                0x080043d8                __retarget_lock_release_recursive
 .text.startup.register_fini
                0x080043dc       0x14 F:/CLion_Tools/10 2021.10/bin/../lib/gcc/arm-none-eabi/13.3.1/thumb/v7-m/nofp\libg.a(libc_a-__call_atexit.o)
 .text.atexit   0x080043f0        0xc F:/CLion_Tools/10 2021.10/bin/../lib/gcc/arm-none-eabi/13.3.1/thumb/v7-m/nofp\libg.a(libc_a-atexit.o)
                0x080043f0                atexit
 .text._malloc_trim_r
                0x080043fc       0xb8 F:/CLion_Tools/10 2021.10/bin/../lib/gcc/arm-none-eabi/13.3.1/thumb/v7-m/nofp\libg.a(libc_a-freer.o)
                0x080043fc                _malloc_trim_r
 .text._free_r  0x080044b4      0x1f8 F:/CLion_Tools/10 2021.10/bin/../lib/gcc/arm-none-eabi/13.3.1/thumb/v7-m/nofp\libg.a(libc_a-freer.o)
                0x080044b4                _free_r
 .text._malloc_r
                0x080046ac      0x568 F:/CLion_Tools/10 2021.10/bin/../lib/gcc/arm-none-eabi/13.3.1/thumb/v7-m/nofp\libg.a(libc_a-mallocr.o)
                0x080046ac                _malloc_r
 .text.__malloc_lock
                0x08004c14        0xc F:/CLion_Tools/10 2021.10/bin/../lib/gcc/arm-none-eabi/13.3.1/thumb/v7-m/nofp\libg.a(libc_a-mlock.o)
                0x08004c14                __malloc_lock
 .text.__malloc_unlock
                0x08004c20        0xc F:/CLion_Tools/10 2021.10/bin/../lib/gcc/arm-none-eabi/13.3.1/thumb/v7-m/nofp\libg.a(libc_a-mlock.o)
                0x08004c20                __malloc_unlock
 .text._svfprintf_r
                0x08004c2c     0x1b2c F:/CLion_Tools/10 2021.10/bin/../lib/gcc/arm-none-eabi/13.3.1/thumb/v7-m/nofp\libg.a(libc_a-svfprintf.o)
                0x08004c2c                _svfprintf_r
 .text.__ssprint_r
                0x08006758       0x58 F:/CLion_Tools/10 2021.10/bin/../lib/gcc/arm-none-eabi/13.3.1/thumb/v7-m/nofp\libg.a(libc_a-ssprint_r.o)
                0x08006758                __ssprint_r
 .text._fclose_r
                0x080067b0       0xc0 F:/CLion_Tools/10 2021.10/bin/../lib/gcc/arm-none-eabi/13.3.1/thumb/v7-m/nofp\libg.a(libc_a-fclose.o)
                0x080067b0                _fclose_r
 .text.__sflush_r
                0x08006870      0x128 F:/CLion_Tools/10 2021.10/bin/../lib/gcc/arm-none-eabi/13.3.1/thumb/v7-m/nofp\libg.a(libc_a-fflush.o)
                0x08006870                __sflush_r
 .text._fflush_r
                0x08006998       0x54 F:/CLion_Tools/10 2021.10/bin/../lib/gcc/arm-none-eabi/13.3.1/thumb/v7-m/nofp\libg.a(libc_a-fflush.o)
                0x08006998                _fflush_r
 .text.strncpy  0x080069ec       0x6c F:/CLion_Tools/10 2021.10/bin/../lib/gcc/arm-none-eabi/13.3.1/thumb/v7-m/nofp\libg.a(libc_a-strncpy.o)
                0x080069ec                strncpy
 .text.__locale_mb_cur_max
                0x08006a58        0xc F:/CLion_Tools/10 2021.10/bin/../lib/gcc/arm-none-eabi/13.3.1/thumb/v7-m/nofp\libg.a(libc_a-locale.o)
                0x08006a58                __locale_mb_cur_max
 .text._localeconv_r
                0x08006a64        0x8 F:/CLion_Tools/10 2021.10/bin/../lib/gcc/arm-none-eabi/13.3.1/thumb/v7-m/nofp\libg.a(libc_a-localeconv.o)
                0x08006a64                _localeconv_r
 .text._sbrk_r  0x08006a6c       0x24 F:/CLion_Tools/10 2021.10/bin/../lib/gcc/arm-none-eabi/13.3.1/thumb/v7-m/nofp\libg.a(libc_a-sbrkr.o)
                0x08006a6c                _sbrk_r
 .text.__libc_fini_array
                0x08006a90       0x28 F:/CLion_Tools/10 2021.10/bin/../lib/gcc/arm-none-eabi/13.3.1/thumb/v7-m/nofp\libg.a(libc_a-fini.o)
                0x08006a90                __libc_fini_array
 .text.sysconf  0x08006ab8       0x1c F:/CLion_Tools/10 2021.10/bin/../lib/gcc/arm-none-eabi/13.3.1/thumb/v7-m/nofp\libg.a(libc_a-sysconf.o)
                0x08006ab8                sysconf
 .text.memchr   0x08006ad4       0x98 F:/CLion_Tools/10 2021.10/bin/../lib/gcc/arm-none-eabi/13.3.1/thumb/v7-m/nofp\libg.a(libc_a-memchr-stub.o)
                0x08006ad4                memchr
 .text.strlen   0x08006b6c       0x5c F:/CLion_Tools/10 2021.10/bin/../lib/gcc/arm-none-eabi/13.3.1/thumb/v7-m/nofp\libg.a(libc_a-strlen-stub.o)
                0x08006b6c                strlen
 .text.frexp    0x08006bc8       0x6c F:/CLion_Tools/10 2021.10/bin/../lib/gcc/arm-none-eabi/13.3.1/thumb/v7-m/nofp\libg.a(libm_a-s_frexp.o)
                0x08006bc8                frexp
 .text.__register_exitproc
                0x08006c34       0x80 F:/CLion_Tools/10 2021.10/bin/../lib/gcc/arm-none-eabi/13.3.1/thumb/v7-m/nofp\libg.a(libc_a-__atexit.o)
                0x08006c34                __register_exitproc
 .text.quorem   0x08006cb4      0x13c F:/CLion_Tools/10 2021.10/bin/../lib/gcc/arm-none-eabi/13.3.1/thumb/v7-m/nofp\libg.a(libc_a-dtoa.o)
 .text._dtoa_r  0x08006df0      0xe94 F:/CLion_Tools/10 2021.10/bin/../lib/gcc/arm-none-eabi/13.3.1/thumb/v7-m/nofp\libg.a(libc_a-dtoa.o)
                0x08006df0                _dtoa_r
 .text.__ascii_mbtowc
                0x08007c84       0x2c F:/CLion_Tools/10 2021.10/bin/../lib/gcc/arm-none-eabi/13.3.1/thumb/v7-m/nofp\libg.a(libc_a-mbtowc_r.o)
                0x08007c84                __ascii_mbtowc
 .text._Balloc  0x08007cb0       0x4c F:/CLion_Tools/10 2021.10/bin/../lib/gcc/arm-none-eabi/13.3.1/thumb/v7-m/nofp\libg.a(libc_a-mprec.o)
                0x08007cb0                _Balloc
 .text._Bfree   0x08007cfc       0x14 F:/CLion_Tools/10 2021.10/bin/../lib/gcc/arm-none-eabi/13.3.1/thumb/v7-m/nofp\libg.a(libc_a-mprec.o)
                0x08007cfc                _Bfree
 .text.__multadd
                0x08007d10       0xa4 F:/CLion_Tools/10 2021.10/bin/../lib/gcc/arm-none-eabi/13.3.1/thumb/v7-m/nofp\libg.a(libc_a-mprec.o)
                0x08007d10                __multadd
 .text.__hi0bits
                0x08007db4       0x44 F:/CLion_Tools/10 2021.10/bin/../lib/gcc/arm-none-eabi/13.3.1/thumb/v7-m/nofp\libg.a(libc_a-mprec.o)
                0x08007db4                __hi0bits
 .text.__lo0bits
                0x08007df8       0x5c F:/CLion_Tools/10 2021.10/bin/../lib/gcc/arm-none-eabi/13.3.1/thumb/v7-m/nofp\libg.a(libc_a-mprec.o)
                0x08007df8                __lo0bits
 .text.__i2b    0x08007e54       0x5c F:/CLion_Tools/10 2021.10/bin/../lib/gcc/arm-none-eabi/13.3.1/thumb/v7-m/nofp\libg.a(libc_a-mprec.o)
                0x08007e54                __i2b
 .text.__multiply
                0x08007eb0      0x164 F:/CLion_Tools/10 2021.10/bin/../lib/gcc/arm-none-eabi/13.3.1/thumb/v7-m/nofp\libg.a(libc_a-mprec.o)
                0x08007eb0                __multiply
 .text.__pow5mult
                0x08008014       0xb4 F:/CLion_Tools/10 2021.10/bin/../lib/gcc/arm-none-eabi/13.3.1/thumb/v7-m/nofp\libg.a(libc_a-mprec.o)
                0x08008014                __pow5mult
 .text.__lshift
                0x080080c8       0xec F:/CLion_Tools/10 2021.10/bin/../lib/gcc/arm-none-eabi/13.3.1/thumb/v7-m/nofp\libg.a(libc_a-mprec.o)
                0x080080c8                __lshift
 .text.__mcmp   0x080081b4       0x40 F:/CLion_Tools/10 2021.10/bin/../lib/gcc/arm-none-eabi/13.3.1/thumb/v7-m/nofp\libg.a(libc_a-mprec.o)
                0x080081b4                __mcmp
 .text.__mdiff  0x080081f4      0x178 F:/CLion_Tools/10 2021.10/bin/../lib/gcc/arm-none-eabi/13.3.1/thumb/v7-m/nofp\libg.a(libc_a-mprec.o)
                0x080081f4                __mdiff
 .text.__d2b    0x0800836c       0xbc F:/CLion_Tools/10 2021.10/bin/../lib/gcc/arm-none-eabi/13.3.1/thumb/v7-m/nofp\libg.a(libc_a-mprec.o)
                0x0800836c                __d2b
 .text.__ascii_wctomb
                0x08008428       0x1c F:/CLion_Tools/10 2021.10/bin/../lib/gcc/arm-none-eabi/13.3.1/thumb/v7-m/nofp\libg.a(libc_a-wctomb_r.o)
                0x08008428                __ascii_wctomb
 .text._wcrtomb_r
                0x08008444       0x4c F:/CLion_Tools/10 2021.10/bin/../lib/gcc/arm-none-eabi/13.3.1/thumb/v7-m/nofp\libg.a(libc_a-wcrtomb.o)
                0x08008444                _wcrtomb_r
 .text._wcsrtombs_r
                0x08008490       0x18 F:/CLion_Tools/10 2021.10/bin/../lib/gcc/arm-none-eabi/13.3.1/thumb/v7-m/nofp\libg.a(libc_a-wcsrtombs.o)
                0x08008490                _wcsrtombs_r
 .text.__ssputs_r
                0x080084a8       0xc0 F:/CLion_Tools/10 2021.10/bin/../lib/gcc/arm-none-eabi/13.3.1/thumb/v7-m/nofp\libg.a(libc_a-ssputs_r.o)
                0x080084a8                __ssputs_r
 .text.memmove  0x08008568       0xfc F:/CLion_Tools/10 2021.10/bin/../lib/gcc/arm-none-eabi/13.3.1/thumb/v7-m/nofp\libg.a(libc_a-memmove.o)
                0x08008568                memmove
 .text.__assert_func
                0x08008664       0x40 F:/CLion_Tools/10 2021.10/bin/../lib/gcc/arm-none-eabi/13.3.1/thumb/v7-m/nofp\libg.a(libc_a-assert.o)
                0x08008664                __assert_func
 .text._calloc_r
                0x080086a4       0x6c F:/CLion_Tools/10 2021.10/bin/../lib/gcc/arm-none-eabi/13.3.1/thumb/v7-m/nofp\libg.a(libc_a-callocr.o)
                0x080086a4                _calloc_r
 .text._realloc_r
                0x08008710      0x34c F:/CLion_Tools/10 2021.10/bin/../lib/gcc/arm-none-eabi/13.3.1/thumb/v7-m/nofp\libg.a(libc_a-reallocr.o)
                0x08008710                _realloc_r
 .text._wcsnrtombs_l
                0x08008a5c       0xec F:/CLion_Tools/10 2021.10/bin/../lib/gcc/arm-none-eabi/13.3.1/thumb/v7-m/nofp\libg.a(libc_a-wcsnrtombs.o)
                0x08008a5c                _wcsnrtombs_l
 .text._wcsnrtombs_r
                0x08008b48       0x24 F:/CLion_Tools/10 2021.10/bin/../lib/gcc/arm-none-eabi/13.3.1/thumb/v7-m/nofp\libg.a(libc_a-wcsnrtombs.o)
                0x08008b48                _wcsnrtombs_r
 .text.fiprintf
                0x08008b6c       0x28 F:/CLion_Tools/10 2021.10/bin/../lib/gcc/arm-none-eabi/13.3.1/thumb/v7-m/nofp\libg.a(libc_a-fiprintf.o)
                0x08008b6c                fiprintf
 .text._vfiprintf_r
                0x08008b94      0xeb8 F:/CLion_Tools/10 2021.10/bin/../lib/gcc/arm-none-eabi/13.3.1/thumb/v7-m/nofp\libg.a(libc_a-vfiprintf.o)
                0x08008b94                _vfiprintf_r
 .text.__sbprintf
                0x08009a4c       0x80 F:/CLion_Tools/10 2021.10/bin/../lib/gcc/arm-none-eabi/13.3.1/thumb/v7-m/nofp\libg.a(libc_a-vfiprintf.o)
 .text.__sprint_r
                0x08009acc       0x20 F:/CLion_Tools/10 2021.10/bin/../lib/gcc/arm-none-eabi/13.3.1/thumb/v7-m/nofp\libg.a(libc_a-sprint_r.o)
                0x08009acc                __sprint_r
 .text.__sfvwrite_r
                0x08009aec      0x2ec F:/CLion_Tools/10 2021.10/bin/../lib/gcc/arm-none-eabi/13.3.1/thumb/v7-m/nofp\libg.a(libc_a-fvwrite.o)
                0x08009aec                __sfvwrite_r
 .text.__swsetup_r
                0x08009dd8       0xc4 F:/CLion_Tools/10 2021.10/bin/../lib/gcc/arm-none-eabi/13.3.1/thumb/v7-m/nofp\libg.a(libc_a-wsetup.o)
                0x08009dd8                __swsetup_r
 .text.abort    0x08009e9c       0x10 F:/CLion_Tools/10 2021.10/bin/../lib/gcc/arm-none-eabi/13.3.1/thumb/v7-m/nofp\libg.a(libc_a-abort.o)
                0x08009e9c                abort
 .text.__smakebuf_r
                0x08009eac       0xdc F:/CLion_Tools/10 2021.10/bin/../lib/gcc/arm-none-eabi/13.3.1/thumb/v7-m/nofp\libg.a(libc_a-makebuf.o)
                0x08009eac                __smakebuf_r
 .text.raise    0x08009f88       0x58 F:/CLion_Tools/10 2021.10/bin/../lib/gcc/arm-none-eabi/13.3.1/thumb/v7-m/nofp\libg.a(libc_a-signal.o)
                0x08009f88                raise
 .text._fstat_r
                0x08009fe0       0x28 F:/CLion_Tools/10 2021.10/bin/../lib/gcc/arm-none-eabi/13.3.1/thumb/v7-m/nofp\libg.a(libc_a-fstatr.o)
                0x08009fe0                _fstat_r
 .text._isatty_r
                0x0800a008       0x24 F:/CLion_Tools/10 2021.10/bin/../lib/gcc/arm-none-eabi/13.3.1/thumb/v7-m/nofp\libg.a(libc_a-isattyr.o)
                0x0800a008                _isatty_r
 .text._kill_r  0x0800a02c       0x28 F:/CLion_Tools/10 2021.10/bin/../lib/gcc/arm-none-eabi/13.3.1/thumb/v7-m/nofp\libg.a(libc_a-signalr.o)
                0x0800a02c                _kill_r
 .text._getpid_r
                0x0800a054        0x4 F:/CLion_Tools/10 2021.10/bin/../lib/gcc/arm-none-eabi/13.3.1/thumb/v7-m/nofp\libg.a(libc_a-signalr.o)
                0x0800a054                _getpid_r
 *(.glue_7)
 .glue_7        0x0800a058        0x0 linker stubs
 *(.glue_7t)
 .glue_7t       0x0800a058        0x0 linker stubs
 *(.eh_frame)
 .eh_frame      0x0800a058        0x0 F:/CLion_Tools/10 2021.10/bin/../lib/gcc/arm-none-eabi/13.3.1/thumb/v7-m/nofp/crtbegin.o
 *(.init)
 .init          0x0800a058        0x4 F:/CLion_Tools/10 2021.10/bin/../lib/gcc/arm-none-eabi/13.3.1/thumb/v7-m/nofp/crti.o
                0x0800a058                _init
 .init          0x0800a05c        0x8 F:/CLion_Tools/10 2021.10/bin/../lib/gcc/arm-none-eabi/13.3.1/thumb/v7-m/nofp/crtn.o
 *(.fini)
 .fini          0x0800a064        0x4 F:/CLion_Tools/10 2021.10/bin/../lib/gcc/arm-none-eabi/13.3.1/thumb/v7-m/nofp/crti.o
                0x0800a064                _fini
 .fini          0x0800a068        0x8 F:/CLion_Tools/10 2021.10/bin/../lib/gcc/arm-none-eabi/13.3.1/thumb/v7-m/nofp/crtn.o
                0x0800a070                        . = ALIGN (0x4)
                0x0800a070                        _etext = .

.vfp11_veneer   0x0800a070        0x0
 .vfp11_veneer  0x0800a070        0x0 linker stubs

.v4_bx          0x0800a070        0x0
 .v4_bx         0x0800a070        0x0 linker stubs

.iplt           0x0800a070        0x0
 .iplt          0x0800a070        0x0 F:/CLion_Tools/10 2021.10/bin/../lib/gcc/arm-none-eabi/13.3.1/thumb/v7-m/nofp/crtbegin.o

.rodata         0x0800a070      0x68c
                0x0800a070                        . = ALIGN (0x4)
 *(.rodata)
 *(.rodata*)
 .rodata.afont8x6
                0x0800a070        0x8 CMakeFiles/Rectangular_wave.elf.dir/Core/HARDWARE/font.c.obj
                0x0800a070                afont8x6
 .rodata.ascii_8x6
                0x0800a078      0x228 CMakeFiles/Rectangular_wave.elf.dir/Core/HARDWARE/font.c.obj
                0x0800a078                ascii_8x6
 .rodata.OLED_PrintFloat.str1.4
                0x0800a2a0      0x1db CMakeFiles/Rectangular_wave.elf.dir/Core/HARDWARE/oled.c.obj
                                  0x5 (size before relaxing)
 .rodata.main.str1.4
                0x0800a47b       0x1f CMakeFiles/Rectangular_wave.elf.dir/Core/Src/main.c.obj
 .rodata.str1.4
                0x0800a47b        0xc CMakeFiles/Rectangular_wave.elf.dir/Core/Src/main.c.obj
 *fill*         0x0800a47b        0x1 
 .rodata.APBPrescTable
                0x0800a47c        0x8 CMakeFiles/Rectangular_wave.elf.dir/Core/Src/system_stm32f1xx.c.obj
                0x0800a47c                APBPrescTable
 .rodata.AHBPrescTable
                0x0800a484       0x10 CMakeFiles/Rectangular_wave.elf.dir/Core/Src/system_stm32f1xx.c.obj
                0x0800a484                AHBPrescTable
 .rodata.aPredivFactorTable.0
                0x0800a494        0x2 CMakeFiles/Rectangular_wave.elf.dir/Drivers/STM32F1xx_HAL_Driver/Src/stm32f1xx_hal_rcc.c.obj
 *fill*         0x0800a496        0x2 
 .rodata.aPLLMULFactorTable.1
                0x0800a498       0x10 CMakeFiles/Rectangular_wave.elf.dir/Drivers/STM32F1xx_HAL_Driver/Src/stm32f1xx_hal_rcc.c.obj
 .rodata.aPredivFactorTable.0
                0x0800a4a8        0x2 CMakeFiles/Rectangular_wave.elf.dir/Drivers/STM32F1xx_HAL_Driver/Src/stm32f1xx_hal_rcc_ex.c.obj
 *fill*         0x0800a4aa        0x2 
 .rodata.aPLLMULFactorTable.1
                0x0800a4ac       0x10 CMakeFiles/Rectangular_wave.elf.dir/Drivers/STM32F1xx_HAL_Driver/Src/stm32f1xx_hal_rcc_ex.c.obj
 .rodata._svfprintf_r.str1.4
                0x0800a4bc       0x42 F:/CLion_Tools/10 2021.10/bin/../lib/gcc/arm-none-eabi/13.3.1/thumb/v7-m/nofp\libg.a(libc_a-svfprintf.o)
 .rodata.zeroes.0
                0x0800a4bc       0x10 F:/CLion_Tools/10 2021.10/bin/../lib/gcc/arm-none-eabi/13.3.1/thumb/v7-m/nofp\libg.a(libc_a-svfprintf.o)
 .rodata.blanks.1
                0x0800a4cc       0x10 F:/CLion_Tools/10 2021.10/bin/../lib/gcc/arm-none-eabi/13.3.1/thumb/v7-m/nofp\libg.a(libc_a-svfprintf.o)
 .rodata.str1.4
                0x0800a4dc       0x4c F:/CLion_Tools/10 2021.10/bin/../lib/gcc/arm-none-eabi/13.3.1/thumb/v7-m/nofp\libg.a(libc_a-locale.o)
 .rodata._dtoa_r.str1.4
                0x0800a4dc       0x81 F:/CLion_Tools/10 2021.10/bin/../lib/gcc/arm-none-eabi/13.3.1/thumb/v7-m/nofp\libg.a(libc_a-dtoa.o)
 .rodata.__multadd.str1.4
                0x0800a4dc       0x6e F:/CLion_Tools/10 2021.10/bin/../lib/gcc/arm-none-eabi/13.3.1/thumb/v7-m/nofp\libg.a(libc_a-mprec.o)
 .rodata.p05.0  0x0800a4dc        0xc F:/CLion_Tools/10 2021.10/bin/../lib/gcc/arm-none-eabi/13.3.1/thumb/v7-m/nofp\libg.a(libc_a-mprec.o)
 .rodata.__mprec_bigtens
                0x0800a4e8       0x28 F:/CLion_Tools/10 2021.10/bin/../lib/gcc/arm-none-eabi/13.3.1/thumb/v7-m/nofp\libg.a(libc_a-mprec.o)
                0x0800a4e8                __mprec_bigtens
 .rodata.__mprec_tens
                0x0800a510       0xc8 F:/CLion_Tools/10 2021.10/bin/../lib/gcc/arm-none-eabi/13.3.1/thumb/v7-m/nofp\libg.a(libc_a-mprec.o)
                0x0800a510                __mprec_tens
 .rodata._ctype_
                0x0800a5d8      0x101 F:/CLion_Tools/10 2021.10/bin/../lib/gcc/arm-none-eabi/13.3.1/thumb/v7-m/nofp\libg.a(libc_a-ctype_.o)
                0x0800a5d8                _ctype_
 .rodata.__assert_func.str1.4
                0x0800a6d9       0x43 F:/CLion_Tools/10 2021.10/bin/../lib/gcc/arm-none-eabi/13.3.1/thumb/v7-m/nofp\libg.a(libc_a-assert.o)
 .rodata._vfiprintf_r.str1.4
                0x0800a6d9       0x2f F:/CLion_Tools/10 2021.10/bin/../lib/gcc/arm-none-eabi/13.3.1/thumb/v7-m/nofp\libg.a(libc_a-vfiprintf.o)
 *fill*         0x0800a6d9        0x3 
 .rodata.zeroes.0
                0x0800a6dc       0x10 F:/CLion_Tools/10 2021.10/bin/../lib/gcc/arm-none-eabi/13.3.1/thumb/v7-m/nofp\libg.a(libc_a-vfiprintf.o)
 .rodata.blanks.1
                0x0800a6ec       0x10 F:/CLion_Tools/10 2021.10/bin/../lib/gcc/arm-none-eabi/13.3.1/thumb/v7-m/nofp\libg.a(libc_a-vfiprintf.o)
                0x0800a6fc                        . = ALIGN (0x4)

.ARM.extab      0x0800a6fc        0x0
                0x0800a6fc                        . = ALIGN (0x4)
 *(.ARM.extab* .gnu.linkonce.armextab.*)
                0x0800a6fc                        . = ALIGN (0x4)

.ARM            0x0800a6fc        0x8
                0x0800a6fc                        . = ALIGN (0x4)
                0x0800a6fc                        __exidx_start = .
 *(.ARM.exidx*)
 .ARM.exidx     0x0800a6fc        0x8 F:/CLion_Tools/10 2021.10/bin/../lib/gcc/arm-none-eabi/13.3.1/thumb/v7-m/nofp\libg.a(libc_a-memcpy.o)
                0x0800a704                        __exidx_end = .
                0x0800a704                        . = ALIGN (0x4)

.preinit_array  0x0800a704        0x0
                0x0800a704                        . = ALIGN (0x4)
                0x0800a704                        PROVIDE (__preinit_array_start = .)
 *(.preinit_array*)
                0x0800a704                        PROVIDE (__preinit_array_end = .)
                0x0800a704                        . = ALIGN (0x4)

.init_array     0x0800a704        0x8
                0x0800a704                        . = ALIGN (0x4)
                0x0800a704                        PROVIDE (__init_array_start = .)
 *(SORT_BY_NAME(.init_array.*))
 .init_array.00000
                0x0800a704        0x4 F:/CLion_Tools/10 2021.10/bin/../lib/gcc/arm-none-eabi/13.3.1/thumb/v7-m/nofp\libg.a(libc_a-__call_atexit.o)
 *(.init_array*)
 .init_array    0x0800a708        0x4 F:/CLion_Tools/10 2021.10/bin/../lib/gcc/arm-none-eabi/13.3.1/thumb/v7-m/nofp/crtbegin.o
                0x0800a70c                        PROVIDE (__init_array_end = .)
                0x0800a70c                        . = ALIGN (0x4)

.fini_array     0x0800a70c        0x4
                0x0800a70c                        . = ALIGN (0x4)
                0x0800a70c                        PROVIDE (__fini_array_start = .)
 *(SORT_BY_NAME(.fini_array.*))
 *(.fini_array*)
 .fini_array    0x0800a70c        0x4 F:/CLion_Tools/10 2021.10/bin/../lib/gcc/arm-none-eabi/13.3.1/thumb/v7-m/nofp/crtbegin.o
                0x0800a710                        PROVIDE (__fini_array_end = .)
                0x0800a710                        . = ALIGN (0x4)
                0x0800a710                        _sidata = LOADADDR (.data)

.rel.dyn        0x0800a710        0x0
 .rel.iplt      0x0800a710        0x0 F:/CLion_Tools/10 2021.10/bin/../lib/gcc/arm-none-eabi/13.3.1/thumb/v7-m/nofp/crtbegin.o

.data           0x20000000      0x704 load address 0x0800a710
                0x20000000                        . = ALIGN (0x4)
                0x20000000                        _sdata = .
 *(.data)
 *(.data*)
 .data.g_cal_gain
                0x20000000        0x4 CMakeFiles/Rectangular_wave.elf.dir/Core/HARDWARE/adc_voltage.c.obj
 .data.g_adc_config
                0x20000004       0x10 CMakeFiles/Rectangular_wave.elf.dir/Core/HARDWARE/adc_voltage.c.obj
 .data.Hz       0x20000014        0xc CMakeFiles/Rectangular_wave.elf.dir/Core/Src/main.c.obj
                0x20000014                Hz
 .data.SystemCoreClock
                0x20000020        0x4 CMakeFiles/Rectangular_wave.elf.dir/Core/Src/system_stm32f1xx.c.obj
                0x20000020                SystemCoreClock
 .data.uwTickFreq
                0x20000024        0x1 CMakeFiles/Rectangular_wave.elf.dir/Drivers/STM32F1xx_HAL_Driver/Src/stm32f1xx_hal.c.obj
                0x20000024                uwTickFreq
 *fill*         0x20000025        0x3 
 .data.uwTickPrio
                0x20000028        0x4 CMakeFiles/Rectangular_wave.elf.dir/Drivers/STM32F1xx_HAL_Driver/Src/stm32f1xx_hal.c.obj
                0x20000028                uwTickPrio
 .data.__sglue  0x2000002c        0xc F:/CLion_Tools/10 2021.10/bin/../lib/gcc/arm-none-eabi/13.3.1/thumb/v7-m/nofp\libg.a(libc_a-findfp.o)
                0x2000002c                __sglue
 .data._impure_ptr
                0x20000038        0x4 F:/CLion_Tools/10 2021.10/bin/../lib/gcc/arm-none-eabi/13.3.1/thumb/v7-m/nofp\libg.a(libc_a-impure.o)
                0x20000038                _impure_ptr
 *fill*         0x2000003c        0x4 
 .data._impure_data
                0x20000040      0x140 F:/CLion_Tools/10 2021.10/bin/../lib/gcc/arm-none-eabi/13.3.1/thumb/v7-m/nofp\libg.a(libc_a-impure.o)
                0x20000040                _impure_data
 .data.__atexit_recursive_mutex
                0x20000180        0x4 F:/CLion_Tools/10 2021.10/bin/../lib/gcc/arm-none-eabi/13.3.1/thumb/v7-m/nofp\libg.a(libc_a-__call_atexit.o)
                0x20000180                __atexit_recursive_mutex
 .data.__malloc_sbrk_base
                0x20000184        0x4 F:/CLion_Tools/10 2021.10/bin/../lib/gcc/arm-none-eabi/13.3.1/thumb/v7-m/nofp\libg.a(libc_a-mallocr.o)
                0x20000184                __malloc_sbrk_base
 .data.__malloc_trim_threshold
                0x20000188        0x4 F:/CLion_Tools/10 2021.10/bin/../lib/gcc/arm-none-eabi/13.3.1/thumb/v7-m/nofp\libg.a(libc_a-mallocr.o)
                0x20000188                __malloc_trim_threshold
 *fill*         0x2000018c        0x4 
 .data.__malloc_av_
                0x20000190      0x408 F:/CLion_Tools/10 2021.10/bin/../lib/gcc/arm-none-eabi/13.3.1/thumb/v7-m/nofp\libg.a(libc_a-mallocr.o)
                0x20000190                __malloc_av_
 .data.__global_locale
                0x20000598      0x16c F:/CLion_Tools/10 2021.10/bin/../lib/gcc/arm-none-eabi/13.3.1/thumb/v7-m/nofp\libg.a(libc_a-locale.o)
                0x20000598                __global_locale
 *(.RamFunc)
 *(.RamFunc*)
                0x20000704                        . = ALIGN (0x4)
                0x20000704                        _edata = .

.tm_clone_table
                0x20000704        0x0 load address 0x0800ae14
 .tm_clone_table
                0x20000704        0x0 F:/CLion_Tools/10 2021.10/bin/../lib/gcc/arm-none-eabi/13.3.1/thumb/v7-m/nofp/crtbegin.o
 .tm_clone_table
                0x20000704        0x0 F:/CLion_Tools/10 2021.10/bin/../lib/gcc/arm-none-eabi/13.3.1/thumb/v7-m/nofp/crtend.o

.igot.plt       0x20000704        0x0 load address 0x0800ae14
 .igot.plt      0x20000704        0x0 F:/CLion_Tools/10 2021.10/bin/../lib/gcc/arm-none-eabi/13.3.1/thumb/v7-m/nofp/crtbegin.o
                0x20000704                        . = ALIGN (0x4)

.bss            0x20000704      0x8cc load address 0x0800ae14
                0x20000704                        _sbss = .
                0x20000704                        __bss_start__ = _sbss
 *(.bss)
 *(.bss*)
 .bss.completed.1
                0x20000704        0x1 F:/CLion_Tools/10 2021.10/bin/../lib/gcc/arm-none-eabi/13.3.1/thumb/v7-m/nofp/crtbegin.o
 *fill*         0x20000705        0x3 
 .bss.object.0  0x20000708       0x18 F:/CLion_Tools/10 2021.10/bin/../lib/gcc/arm-none-eabi/13.3.1/thumb/v7-m/nofp/crtbegin.o
 .bss.g_cal_offset
                0x20000720        0x4 CMakeFiles/Rectangular_wave.elf.dir/Core/HARDWARE/adc_voltage.c.obj
 .bss.g_hadc    0x20000724        0x4 CMakeFiles/Rectangular_wave.elf.dir/Core/HARDWARE/adc_voltage.c.obj
 .bss.temp.1    0x20000728        0x1 CMakeFiles/Rectangular_wave.elf.dir/Core/HARDWARE/oled.c.obj
 *fill*         0x20000729        0x3 
 .bss.sendBuffer.2
                0x2000072c       0x81 CMakeFiles/Rectangular_wave.elf.dir/Core/HARDWARE/oled.c.obj
 *fill*         0x200007ad        0x3 
 .bss.sendBuffer.3
                0x200007b0        0x2 CMakeFiles/Rectangular_wave.elf.dir/Core/HARDWARE/oled.c.obj
 *fill*         0x200007b2        0x2 
 .bss.OLED_GRAM
                0x200007b4      0x400 CMakeFiles/Rectangular_wave.elf.dir/Core/HARDWARE/oled.c.obj
                0x200007b4                OLED_GRAM
 .bss.g_falling_value
                0x20000bb4        0x4 CMakeFiles/Rectangular_wave.elf.dir/Core/HARDWARE/timer_capture.c.obj
 .bss.g_rising_value
                0x20000bb8        0x4 CMakeFiles/Rectangular_wave.elf.dir/Core/HARDWARE/timer_capture.c.obj
 .bss.g_last_rising
                0x20000bbc        0x4 CMakeFiles/Rectangular_wave.elf.dir/Core/HARDWARE/timer_capture.c.obj
 .bss.TimerCapture_Config
                0x20000bc0       0x10 CMakeFiles/Rectangular_wave.elf.dir/Core/HARDWARE/timer_capture.c.obj
 .bss.g_capture_data
                0x20000bd0       0x10 CMakeFiles/Rectangular_wave.elf.dir/Core/HARDWARE/timer_capture.c.obj
 .bss.g_htim    0x20000be0        0x4 CMakeFiles/Rectangular_wave.elf.dir/Core/HARDWARE/timer_capture.c.obj
 .bss.hadc1     0x20000be4       0x30 CMakeFiles/Rectangular_wave.elf.dir/Core/Src/adc.c.obj
                0x20000be4                hadc1
 .bss.hi2c1     0x20000c14       0x54 CMakeFiles/Rectangular_wave.elf.dir/Core/Src/i2c.c.obj
                0x20000c14                hi2c1
 .bss.dan       0x20000c68        0x1 CMakeFiles/Rectangular_wave.elf.dir/Core/Src/main.c.obj
                0x20000c68                dan
 *fill*         0x20000c69        0x3 
 .bss.__sbrk_heap_end
                0x20000c6c        0x4 CMakeFiles/Rectangular_wave.elf.dir/Core/Src/sysmem.c.obj
 .bss.htim1     0x20000c70       0x48 CMakeFiles/Rectangular_wave.elf.dir/Core/Src/tim.c.obj
                0x20000c70                htim1
 .bss.uwTick    0x20000cb8        0x4 CMakeFiles/Rectangular_wave.elf.dir/Drivers/STM32F1xx_HAL_Driver/Src/stm32f1xx_hal.c.obj
                0x20000cb8                uwTick
 .bss.__sf      0x20000cbc      0x138 F:/CLion_Tools/10 2021.10/bin/../lib/gcc/arm-none-eabi/13.3.1/thumb/v7-m/nofp\libg.a(libc_a-findfp.o)
                0x20000cbc                __sf
 .bss.__stdio_exit_handler
                0x20000df4        0x4 F:/CLion_Tools/10 2021.10/bin/../lib/gcc/arm-none-eabi/13.3.1/thumb/v7-m/nofp\libg.a(libc_a-findfp.o)
                0x20000df4                __stdio_exit_handler
 .bss.errno     0x20000df8        0x4 F:/CLion_Tools/10 2021.10/bin/../lib/gcc/arm-none-eabi/13.3.1/thumb/v7-m/nofp\libg.a(libc_a-reent.o)
                0x20000df8                errno
 .bss.__lock___malloc_recursive_mutex
                0x20000dfc        0x1 F:/CLion_Tools/10 2021.10/bin/../lib/gcc/arm-none-eabi/13.3.1/thumb/v7-m/nofp\libg.a(libc_a-lock.o)
                0x20000dfc                __lock___malloc_recursive_mutex
 *fill*         0x20000dfd        0x3 
 .bss.__lock___atexit_recursive_mutex
                0x20000e00        0x1 F:/CLion_Tools/10 2021.10/bin/../lib/gcc/arm-none-eabi/13.3.1/thumb/v7-m/nofp\libg.a(libc_a-lock.o)
                0x20000e00                __lock___atexit_recursive_mutex
 *fill*         0x20000e01        0x3 
 .bss.__lock___sfp_recursive_mutex
                0x20000e04        0x1 F:/CLion_Tools/10 2021.10/bin/../lib/gcc/arm-none-eabi/13.3.1/thumb/v7-m/nofp\libg.a(libc_a-lock.o)
                0x20000e04                __lock___sfp_recursive_mutex
 *fill*         0x20000e05        0x3 
 .bss.__atexit  0x20000e08        0x4 F:/CLion_Tools/10 2021.10/bin/../lib/gcc/arm-none-eabi/13.3.1/thumb/v7-m/nofp\libg.a(libc_a-__call_atexit.o)
                0x20000e08                __atexit
 .bss.__malloc_current_mallinfo
                0x20000e0c       0x28 F:/CLion_Tools/10 2021.10/bin/../lib/gcc/arm-none-eabi/13.3.1/thumb/v7-m/nofp\libg.a(libc_a-mallocr.o)
                0x20000e0c                __malloc_current_mallinfo
 .bss.__malloc_max_total_mem
                0x20000e34        0x4 F:/CLion_Tools/10 2021.10/bin/../lib/gcc/arm-none-eabi/13.3.1/thumb/v7-m/nofp\libg.a(libc_a-mallocr.o)
                0x20000e34                __malloc_max_total_mem
 .bss.__malloc_max_sbrked_mem
                0x20000e38        0x4 F:/CLion_Tools/10 2021.10/bin/../lib/gcc/arm-none-eabi/13.3.1/thumb/v7-m/nofp\libg.a(libc_a-mallocr.o)
                0x20000e38                __malloc_max_sbrked_mem
 .bss.__malloc_top_pad
                0x20000e3c        0x4 F:/CLion_Tools/10 2021.10/bin/../lib/gcc/arm-none-eabi/13.3.1/thumb/v7-m/nofp\libg.a(libc_a-mallocr.o)
                0x20000e3c                __malloc_top_pad
 .bss.__atexit0
                0x20000e40      0x190 F:/CLion_Tools/10 2021.10/bin/../lib/gcc/arm-none-eabi/13.3.1/thumb/v7-m/nofp\libg.a(libc_a-__atexit.o)
                0x20000e40                __atexit0
 *(COMMON)
                0x20000fd0                        . = ALIGN (0x4)
                0x20000fd0                        _ebss = .
                0x20000fd0                        __bss_end__ = _ebss

._user_heap_stack
                0x20000fd0      0x600 load address 0x0800ae14
                0x20000fd0                        . = ALIGN (0x8)
                [!provide]                        PROVIDE (end = .)
                0x20000fd0                        PROVIDE (_end = .)
                0x200011d0                        . = (. + _Min_Heap_Size)
 *fill*         0x20000fd0      0x200 
                0x200015d0                        . = (. + _Min_Stack_Size)
 *fill*         0x200011d0      0x400 
                0x200015d0                        . = ALIGN (0x8)

/DISCARD/
 libc.a(*)
 libm.a(*)
 libgcc.a(*)

.ARM.attributes
                0x00000000       0x29
 *(.ARM.attributes)
 .ARM.attributes
                0x00000000       0x1d F:/CLion_Tools/10 2021.10/bin/../lib/gcc/arm-none-eabi/13.3.1/thumb/v7-m/nofp/crti.o
 .ARM.attributes
                0x0000001d       0x2d F:/CLion_Tools/10 2021.10/bin/../lib/gcc/arm-none-eabi/13.3.1/thumb/v7-m/nofp/crtbegin.o
 .ARM.attributes
                0x0000004a       0x2d CMakeFiles/Rectangular_wave.elf.dir/Core/HARDWARE/adc_voltage.c.obj
 .ARM.attributes
                0x00000077       0x2d CMakeFiles/Rectangular_wave.elf.dir/Core/HARDWARE/font.c.obj
 .ARM.attributes
                0x000000a4       0x2d CMakeFiles/Rectangular_wave.elf.dir/Core/HARDWARE/oled.c.obj
 .ARM.attributes
                0x000000d1       0x2d CMakeFiles/Rectangular_wave.elf.dir/Core/HARDWARE/timer_capture.c.obj
 .ARM.attributes
                0x000000fe       0x2d CMakeFiles/Rectangular_wave.elf.dir/Core/Src/adc.c.obj
 .ARM.attributes
                0x0000012b       0x2d CMakeFiles/Rectangular_wave.elf.dir/Core/Src/gpio.c.obj
 .ARM.attributes
                0x00000158       0x2d CMakeFiles/Rectangular_wave.elf.dir/Core/Src/i2c.c.obj
 .ARM.attributes
                0x00000185       0x2d CMakeFiles/Rectangular_wave.elf.dir/Core/Src/main.c.obj
 .ARM.attributes
                0x000001b2       0x2d CMakeFiles/Rectangular_wave.elf.dir/Core/Src/stm32f1xx_hal_msp.c.obj
 .ARM.attributes
                0x000001df       0x2d CMakeFiles/Rectangular_wave.elf.dir/Core/Src/stm32f1xx_it.c.obj
 .ARM.attributes
                0x0000020c       0x2d CMakeFiles/Rectangular_wave.elf.dir/Core/Src/syscalls.c.obj
 .ARM.attributes
                0x00000239       0x2d CMakeFiles/Rectangular_wave.elf.dir/Core/Src/sysmem.c.obj
 .ARM.attributes
                0x00000266       0x2d CMakeFiles/Rectangular_wave.elf.dir/Core/Src/system_stm32f1xx.c.obj
 .ARM.attributes
                0x00000293       0x2d CMakeFiles/Rectangular_wave.elf.dir/Core/Src/tim.c.obj
 .ARM.attributes
                0x000002c0       0x21 CMakeFiles/Rectangular_wave.elf.dir/Core/Startup/startup_stm32f103c8tx.s.obj
 .ARM.attributes
                0x000002e1       0x2d CMakeFiles/Rectangular_wave.elf.dir/Drivers/STM32F1xx_HAL_Driver/Src/stm32f1xx_hal.c.obj
 .ARM.attributes
                0x0000030e       0x2d CMakeFiles/Rectangular_wave.elf.dir/Drivers/STM32F1xx_HAL_Driver/Src/stm32f1xx_hal_adc.c.obj
 .ARM.attributes
                0x0000033b       0x2d CMakeFiles/Rectangular_wave.elf.dir/Drivers/STM32F1xx_HAL_Driver/Src/stm32f1xx_hal_adc_ex.c.obj
 .ARM.attributes
                0x00000368       0x2d CMakeFiles/Rectangular_wave.elf.dir/Drivers/STM32F1xx_HAL_Driver/Src/stm32f1xx_hal_cortex.c.obj
 .ARM.attributes
                0x00000395       0x2d CMakeFiles/Rectangular_wave.elf.dir/Drivers/STM32F1xx_HAL_Driver/Src/stm32f1xx_hal_gpio.c.obj
 .ARM.attributes
                0x000003c2       0x2d CMakeFiles/Rectangular_wave.elf.dir/Drivers/STM32F1xx_HAL_Driver/Src/stm32f1xx_hal_i2c.c.obj
 .ARM.attributes
                0x000003ef       0x2d CMakeFiles/Rectangular_wave.elf.dir/Drivers/STM32F1xx_HAL_Driver/Src/stm32f1xx_hal_rcc.c.obj
 .ARM.attributes
                0x0000041c       0x2d CMakeFiles/Rectangular_wave.elf.dir/Drivers/STM32F1xx_HAL_Driver/Src/stm32f1xx_hal_rcc_ex.c.obj
 .ARM.attributes
                0x00000449       0x2d CMakeFiles/Rectangular_wave.elf.dir/Drivers/STM32F1xx_HAL_Driver/Src/stm32f1xx_hal_tim.c.obj
 .ARM.attributes
                0x00000476       0x2d CMakeFiles/Rectangular_wave.elf.dir/Drivers/STM32F1xx_HAL_Driver/Src/stm32f1xx_hal_tim_ex.c.obj
 .ARM.attributes
                0x000004a3       0x1d F:/CLion_Tools/10 2021.10/bin/../lib/gcc/arm-none-eabi/13.3.1/thumb/v7-m/nofp\libgcc.a(_arm_addsubdf3.o)
 .ARM.attributes
                0x000004c0       0x1d F:/CLion_Tools/10 2021.10/bin/../lib/gcc/arm-none-eabi/13.3.1/thumb/v7-m/nofp\libgcc.a(_arm_fixdfsi.o)
 .ARM.attributes
                0x000004dd       0x1d F:/CLion_Tools/10 2021.10/bin/../lib/gcc/arm-none-eabi/13.3.1/thumb/v7-m/nofp\libgcc.a(_arm_addsubsf3.o)
 .ARM.attributes
                0x000004fa       0x1d F:/CLion_Tools/10 2021.10/bin/../lib/gcc/arm-none-eabi/13.3.1/thumb/v7-m/nofp\libgcc.a(_arm_muldivsf3.o)
 .ARM.attributes
                0x00000517       0x1d F:/CLion_Tools/10 2021.10/bin/../lib/gcc/arm-none-eabi/13.3.1/thumb/v7-m/nofp\libgcc.a(_arm_cmpsf2.o)
 .ARM.attributes
                0x00000534       0x2d F:/CLion_Tools/10 2021.10/bin/../lib/gcc/arm-none-eabi/13.3.1/thumb/v7-m/nofp\libg.a(libc_a-findfp.o)
 .ARM.attributes
                0x00000561       0x2d F:/CLion_Tools/10 2021.10/bin/../lib/gcc/arm-none-eabi/13.3.1/thumb/v7-m/nofp\libg.a(libc_a-fwalk.o)
 .ARM.attributes
                0x0000058e       0x2d F:/CLion_Tools/10 2021.10/bin/../lib/gcc/arm-none-eabi/13.3.1/thumb/v7-m/nofp\libg.a(libc_a-snprintf.o)
 .ARM.attributes
                0x000005bb       0x2d F:/CLion_Tools/10 2021.10/bin/../lib/gcc/arm-none-eabi/13.3.1/thumb/v7-m/nofp\libg.a(libc_a-stdio.o)
 .ARM.attributes
                0x000005e8       0x2d F:/CLion_Tools/10 2021.10/bin/../lib/gcc/arm-none-eabi/13.3.1/thumb/v7-m/nofp\libg.a(libc_a-memset.o)
 .ARM.attributes
                0x00000615       0x2d F:/CLion_Tools/10 2021.10/bin/../lib/gcc/arm-none-eabi/13.3.1/thumb/v7-m/nofp\libg.a(libc_a-closer.o)
 .ARM.attributes
                0x00000642       0x2d F:/CLion_Tools/10 2021.10/bin/../lib/gcc/arm-none-eabi/13.3.1/thumb/v7-m/nofp\libg.a(libc_a-reent.o)
 .ARM.attributes
                0x0000066f       0x2d F:/CLion_Tools/10 2021.10/bin/../lib/gcc/arm-none-eabi/13.3.1/thumb/v7-m/nofp\libg.a(libc_a-impure.o)
 .ARM.attributes
                0x0000069c       0x2d F:/CLion_Tools/10 2021.10/bin/../lib/gcc/arm-none-eabi/13.3.1/thumb/v7-m/nofp\libg.a(libc_a-lseekr.o)
 .ARM.attributes
                0x000006c9       0x2d F:/CLion_Tools/10 2021.10/bin/../lib/gcc/arm-none-eabi/13.3.1/thumb/v7-m/nofp\libg.a(libc_a-readr.o)
 .ARM.attributes
                0x000006f6       0x2d F:/CLion_Tools/10 2021.10/bin/../lib/gcc/arm-none-eabi/13.3.1/thumb/v7-m/nofp\libg.a(libc_a-writer.o)
 .ARM.attributes
                0x00000723       0x2d F:/CLion_Tools/10 2021.10/bin/../lib/gcc/arm-none-eabi/13.3.1/thumb/v7-m/nofp\libg.a(libc_a-errno.o)
 .ARM.attributes
                0x00000750       0x2d F:/CLion_Tools/10 2021.10/bin/../lib/gcc/arm-none-eabi/13.3.1/thumb/v7-m/nofp\libg.a(libc_a-init.o)
 .ARM.attributes
                0x0000077d       0x2d F:/CLion_Tools/10 2021.10/bin/../lib/gcc/arm-none-eabi/13.3.1/thumb/v7-m/nofp\libg.a(libc_a-lock.o)
 .ARM.attributes
                0x000007aa       0x1b F:/CLion_Tools/10 2021.10/bin/../lib/gcc/arm-none-eabi/13.3.1/thumb/v7-m/nofp\libg.a(libc_a-memcpy.o)
 .ARM.attributes
                0x000007c5       0x2d F:/CLion_Tools/10 2021.10/bin/../lib/gcc/arm-none-eabi/13.3.1/thumb/v7-m/nofp\libg.a(libc_a-__call_atexit.o)
 .ARM.attributes
                0x000007f2       0x2d F:/CLion_Tools/10 2021.10/bin/../lib/gcc/arm-none-eabi/13.3.1/thumb/v7-m/nofp\libg.a(libc_a-atexit.o)
 .ARM.attributes
                0x0000081f       0x2d F:/CLion_Tools/10 2021.10/bin/../lib/gcc/arm-none-eabi/13.3.1/thumb/v7-m/nofp\libg.a(libc_a-freer.o)
 .ARM.attributes
                0x0000084c       0x2d F:/CLion_Tools/10 2021.10/bin/../lib/gcc/arm-none-eabi/13.3.1/thumb/v7-m/nofp\libg.a(libc_a-mallocr.o)
 .ARM.attributes
                0x00000879       0x2d F:/CLion_Tools/10 2021.10/bin/../lib/gcc/arm-none-eabi/13.3.1/thumb/v7-m/nofp\libg.a(libc_a-mlock.o)
 .ARM.attributes
                0x000008a6       0x2d F:/CLion_Tools/10 2021.10/bin/../lib/gcc/arm-none-eabi/13.3.1/thumb/v7-m/nofp\libg.a(libc_a-svfprintf.o)
 .ARM.attributes
                0x000008d3       0x2d F:/CLion_Tools/10 2021.10/bin/../lib/gcc/arm-none-eabi/13.3.1/thumb/v7-m/nofp\libg.a(libc_a-ssprint_r.o)
 .ARM.attributes
                0x00000900       0x2d F:/CLion_Tools/10 2021.10/bin/../lib/gcc/arm-none-eabi/13.3.1/thumb/v7-m/nofp\libg.a(libc_a-fclose.o)
 .ARM.attributes
                0x0000092d       0x2d F:/CLion_Tools/10 2021.10/bin/../lib/gcc/arm-none-eabi/13.3.1/thumb/v7-m/nofp\libg.a(libc_a-fflush.o)
 .ARM.attributes
                0x0000095a       0x2d F:/CLion_Tools/10 2021.10/bin/../lib/gcc/arm-none-eabi/13.3.1/thumb/v7-m/nofp\libg.a(libc_a-strncpy.o)
 .ARM.attributes
                0x00000987       0x2d F:/CLion_Tools/10 2021.10/bin/../lib/gcc/arm-none-eabi/13.3.1/thumb/v7-m/nofp\libg.a(libc_a-locale.o)
 .ARM.attributes
                0x000009b4       0x2d F:/CLion_Tools/10 2021.10/bin/../lib/gcc/arm-none-eabi/13.3.1/thumb/v7-m/nofp\libg.a(libc_a-localeconv.o)
 .ARM.attributes
                0x000009e1       0x2d F:/CLion_Tools/10 2021.10/bin/../lib/gcc/arm-none-eabi/13.3.1/thumb/v7-m/nofp\libg.a(libc_a-sbrkr.o)
 .ARM.attributes
                0x00000a0e       0x2d F:/CLion_Tools/10 2021.10/bin/../lib/gcc/arm-none-eabi/13.3.1/thumb/v7-m/nofp\libg.a(libc_a-fini.o)
 .ARM.attributes
                0x00000a3b       0x2d F:/CLion_Tools/10 2021.10/bin/../lib/gcc/arm-none-eabi/13.3.1/thumb/v7-m/nofp\libg.a(libc_a-sysconf.o)
 .ARM.attributes
                0x00000a68       0x2d F:/CLion_Tools/10 2021.10/bin/../lib/gcc/arm-none-eabi/13.3.1/thumb/v7-m/nofp\libg.a(libc_a-memchr-stub.o)
 .ARM.attributes
                0x00000a95       0x2d F:/CLion_Tools/10 2021.10/bin/../lib/gcc/arm-none-eabi/13.3.1/thumb/v7-m/nofp\libg.a(libc_a-strlen-stub.o)
 .ARM.attributes
                0x00000ac2       0x2d F:/CLion_Tools/10 2021.10/bin/../lib/gcc/arm-none-eabi/13.3.1/thumb/v7-m/nofp\libg.a(libm_a-s_frexp.o)
 .ARM.attributes
                0x00000aef       0x2d F:/CLion_Tools/10 2021.10/bin/../lib/gcc/arm-none-eabi/13.3.1/thumb/v7-m/nofp\libg.a(libc_a-__atexit.o)
 .ARM.attributes
                0x00000b1c       0x2d F:/CLion_Tools/10 2021.10/bin/../lib/gcc/arm-none-eabi/13.3.1/thumb/v7-m/nofp\libg.a(libc_a-dtoa.o)
 .ARM.attributes
                0x00000b49       0x2d F:/CLion_Tools/10 2021.10/bin/../lib/gcc/arm-none-eabi/13.3.1/thumb/v7-m/nofp\libg.a(libc_a-mbtowc_r.o)
 .ARM.attributes
                0x00000b76       0x2d F:/CLion_Tools/10 2021.10/bin/../lib/gcc/arm-none-eabi/13.3.1/thumb/v7-m/nofp\libg.a(libc_a-mprec.o)
 .ARM.attributes
                0x00000ba3       0x2d F:/CLion_Tools/10 2021.10/bin/../lib/gcc/arm-none-eabi/13.3.1/thumb/v7-m/nofp\libg.a(libc_a-wctomb_r.o)
 .ARM.attributes
                0x00000bd0       0x2d F:/CLion_Tools/10 2021.10/bin/../lib/gcc/arm-none-eabi/13.3.1/thumb/v7-m/nofp\libg.a(libc_a-wcrtomb.o)
 .ARM.attributes
                0x00000bfd       0x2d F:/CLion_Tools/10 2021.10/bin/../lib/gcc/arm-none-eabi/13.3.1/thumb/v7-m/nofp\libg.a(libc_a-wcsrtombs.o)
 .ARM.attributes
                0x00000c2a       0x2d F:/CLion_Tools/10 2021.10/bin/../lib/gcc/arm-none-eabi/13.3.1/thumb/v7-m/nofp\libg.a(libc_a-ctype_.o)
 .ARM.attributes
                0x00000c57       0x2d F:/CLion_Tools/10 2021.10/bin/../lib/gcc/arm-none-eabi/13.3.1/thumb/v7-m/nofp\libg.a(libc_a-ssputs_r.o)
 .ARM.attributes
                0x00000c84       0x2d F:/CLion_Tools/10 2021.10/bin/../lib/gcc/arm-none-eabi/13.3.1/thumb/v7-m/nofp\libg.a(libc_a-memmove.o)
 .ARM.attributes
                0x00000cb1       0x2d F:/CLion_Tools/10 2021.10/bin/../lib/gcc/arm-none-eabi/13.3.1/thumb/v7-m/nofp\libg.a(libc_a-assert.o)
 .ARM.attributes
                0x00000cde       0x2d F:/CLion_Tools/10 2021.10/bin/../lib/gcc/arm-none-eabi/13.3.1/thumb/v7-m/nofp\libg.a(libc_a-callocr.o)
 .ARM.attributes
                0x00000d0b       0x2d F:/CLion_Tools/10 2021.10/bin/../lib/gcc/arm-none-eabi/13.3.1/thumb/v7-m/nofp\libg.a(libc_a-reallocr.o)
 .ARM.attributes
                0x00000d38       0x2d F:/CLion_Tools/10 2021.10/bin/../lib/gcc/arm-none-eabi/13.3.1/thumb/v7-m/nofp\libg.a(libc_a-wcsnrtombs.o)
 .ARM.attributes
                0x00000d65       0x2d F:/CLion_Tools/10 2021.10/bin/../lib/gcc/arm-none-eabi/13.3.1/thumb/v7-m/nofp\libg.a(libc_a-fiprintf.o)
 .ARM.attributes
                0x00000d92       0x2d F:/CLion_Tools/10 2021.10/bin/../lib/gcc/arm-none-eabi/13.3.1/thumb/v7-m/nofp\libg.a(libc_a-vfiprintf.o)
 .ARM.attributes
                0x00000dbf       0x2d F:/CLion_Tools/10 2021.10/bin/../lib/gcc/arm-none-eabi/13.3.1/thumb/v7-m/nofp\libg.a(libc_a-sprint_r.o)
 .ARM.attributes
                0x00000dec       0x2d F:/CLion_Tools/10 2021.10/bin/../lib/gcc/arm-none-eabi/13.3.1/thumb/v7-m/nofp\libg.a(libc_a-fvwrite.o)
 .ARM.attributes
                0x00000e19       0x2d F:/CLion_Tools/10 2021.10/bin/../lib/gcc/arm-none-eabi/13.3.1/thumb/v7-m/nofp\libg.a(libc_a-wsetup.o)
 .ARM.attributes
                0x00000e46       0x2d F:/CLion_Tools/10 2021.10/bin/../lib/gcc/arm-none-eabi/13.3.1/thumb/v7-m/nofp\libg.a(libc_a-abort.o)
 .ARM.attributes
                0x00000e73       0x2d F:/CLion_Tools/10 2021.10/bin/../lib/gcc/arm-none-eabi/13.3.1/thumb/v7-m/nofp\libg.a(libc_a-makebuf.o)
 .ARM.attributes
                0x00000ea0       0x2d F:/CLion_Tools/10 2021.10/bin/../lib/gcc/arm-none-eabi/13.3.1/thumb/v7-m/nofp\libg.a(libc_a-signal.o)
 .ARM.attributes
                0x00000ecd       0x2d F:/CLion_Tools/10 2021.10/bin/../lib/gcc/arm-none-eabi/13.3.1/thumb/v7-m/nofp\libg.a(libc_a-fstatr.o)
 .ARM.attributes
                0x00000efa       0x2d F:/CLion_Tools/10 2021.10/bin/../lib/gcc/arm-none-eabi/13.3.1/thumb/v7-m/nofp\libg.a(libc_a-isattyr.o)
 .ARM.attributes
                0x00000f27       0x2d F:/CLion_Tools/10 2021.10/bin/../lib/gcc/arm-none-eabi/13.3.1/thumb/v7-m/nofp\libg.a(libc_a-signalr.o)
 .ARM.attributes
                0x00000f54       0x1d F:/CLion_Tools/10 2021.10/bin/../lib/gcc/arm-none-eabi/13.3.1/thumb/v7-m/nofp\libgcc.a(_arm_muldivdf3.o)
 .ARM.attributes
                0x00000f71       0x1d F:/CLion_Tools/10 2021.10/bin/../lib/gcc/arm-none-eabi/13.3.1/thumb/v7-m/nofp\libgcc.a(_arm_cmpdf2.o)
 .ARM.attributes
                0x00000f8e       0x1d F:/CLion_Tools/10 2021.10/bin/../lib/gcc/arm-none-eabi/13.3.1/thumb/v7-m/nofp\libgcc.a(_arm_unorddf2.o)
 .ARM.attributes
                0x00000fab       0x2d F:/CLion_Tools/10 2021.10/bin/../lib/gcc/arm-none-eabi/13.3.1/thumb/v7-m/nofp/crtend.o
 .ARM.attributes
                0x00000fd8       0x1d F:/CLion_Tools/10 2021.10/bin/../lib/gcc/arm-none-eabi/13.3.1/thumb/v7-m/nofp/crtn.o
OUTPUT(Rectangular_wave.elf elf32-littlearm)
LOAD linker stubs
LOAD F:/CLion_Tools/10 2021.10/bin/../lib/gcc/arm-none-eabi/13.3.1/thumb/v7-m/nofp\libc.a
LOAD F:/CLion_Tools/10 2021.10/bin/../lib/gcc/arm-none-eabi/13.3.1/thumb/v7-m/nofp\libm.a
LOAD F:/CLion_Tools/10 2021.10/bin/../lib/gcc/arm-none-eabi/13.3.1/thumb/v7-m/nofp\libgcc.a

.debug_info     0x00000000    0x15201
 .debug_info    0x00000000      0x840 CMakeFiles/Rectangular_wave.elf.dir/Core/HARDWARE/adc_voltage.c.obj
 .debug_info    0x00000840      0x342 CMakeFiles/Rectangular_wave.elf.dir/Core/HARDWARE/font.c.obj
 .debug_info    0x00000b82     0x2328 CMakeFiles/Rectangular_wave.elf.dir/Core/HARDWARE/oled.c.obj
 .debug_info    0x00002eaa      0xa07 CMakeFiles/Rectangular_wave.elf.dir/Core/HARDWARE/timer_capture.c.obj
 .debug_info    0x000038b1      0x839 CMakeFiles/Rectangular_wave.elf.dir/Core/Src/adc.c.obj
 .debug_info    0x000040ea      0x30a CMakeFiles/Rectangular_wave.elf.dir/Core/Src/gpio.c.obj
 .debug_info    0x000043f4      0x8f5 CMakeFiles/Rectangular_wave.elf.dir/Core/Src/i2c.c.obj
 .debug_info    0x00004ce9     0x10f5 CMakeFiles/Rectangular_wave.elf.dir/Core/Src/main.c.obj
 .debug_info    0x00005dde      0x1f4 CMakeFiles/Rectangular_wave.elf.dir/Core/Src/stm32f1xx_hal_msp.c.obj
 .debug_info    0x00005fd2      0x6b9 CMakeFiles/Rectangular_wave.elf.dir/Core/Src/stm32f1xx_it.c.obj
 .debug_info    0x0000668b      0x789 CMakeFiles/Rectangular_wave.elf.dir/Core/Src/syscalls.c.obj
 .debug_info    0x00006e14      0x171 CMakeFiles/Rectangular_wave.elf.dir/Core/Src/sysmem.c.obj
 .debug_info    0x00006f85      0x22d CMakeFiles/Rectangular_wave.elf.dir/Core/Src/system_stm32f1xx.c.obj
 .debug_info    0x000071b2      0xce0 CMakeFiles/Rectangular_wave.elf.dir/Core/Src/tim.c.obj
 .debug_info    0x00007e92       0x30 CMakeFiles/Rectangular_wave.elf.dir/Core/Startup/startup_stm32f103c8tx.s.obj
 .debug_info    0x00007ec2      0x7a2 CMakeFiles/Rectangular_wave.elf.dir/Drivers/STM32F1xx_HAL_Driver/Src/stm32f1xx_hal.c.obj
 .debug_info    0x00008664      0xed9 CMakeFiles/Rectangular_wave.elf.dir/Drivers/STM32F1xx_HAL_Driver/Src/stm32f1xx_hal_adc.c.obj
 .debug_info    0x0000953d      0xc3a CMakeFiles/Rectangular_wave.elf.dir/Drivers/STM32F1xx_HAL_Driver/Src/stm32f1xx_hal_adc_ex.c.obj
 .debug_info    0x0000a177      0xcd9 CMakeFiles/Rectangular_wave.elf.dir/Drivers/STM32F1xx_HAL_Driver/Src/stm32f1xx_hal_cortex.c.obj
 .debug_info    0x0000ae50      0x604 CMakeFiles/Rectangular_wave.elf.dir/Drivers/STM32F1xx_HAL_Driver/Src/stm32f1xx_hal_gpio.c.obj
 .debug_info    0x0000b454     0x390b CMakeFiles/Rectangular_wave.elf.dir/Drivers/STM32F1xx_HAL_Driver/Src/stm32f1xx_hal_i2c.c.obj
 .debug_info    0x0000ed5f      0x9c7 CMakeFiles/Rectangular_wave.elf.dir/Drivers/STM32F1xx_HAL_Driver/Src/stm32f1xx_hal_rcc.c.obj
 .debug_info    0x0000f726      0x420 CMakeFiles/Rectangular_wave.elf.dir/Drivers/STM32F1xx_HAL_Driver/Src/stm32f1xx_hal_rcc_ex.c.obj
 .debug_info    0x0000fb46     0x3c0f CMakeFiles/Rectangular_wave.elf.dir/Drivers/STM32F1xx_HAL_Driver/Src/stm32f1xx_hal_tim.c.obj
 .debug_info    0x00013755     0x1aac CMakeFiles/Rectangular_wave.elf.dir/Drivers/STM32F1xx_HAL_Driver/Src/stm32f1xx_hal_tim_ex.c.obj

.debug_abbrev   0x00000000     0x32b9
 .debug_abbrev  0x00000000      0x200 CMakeFiles/Rectangular_wave.elf.dir/Core/HARDWARE/adc_voltage.c.obj
 .debug_abbrev  0x00000200       0xf7 CMakeFiles/Rectangular_wave.elf.dir/Core/HARDWARE/font.c.obj
 .debug_abbrev  0x000002f7      0x386 CMakeFiles/Rectangular_wave.elf.dir/Core/HARDWARE/oled.c.obj
 .debug_abbrev  0x0000067d      0x24e CMakeFiles/Rectangular_wave.elf.dir/Core/HARDWARE/timer_capture.c.obj
 .debug_abbrev  0x000008cb      0x1ff CMakeFiles/Rectangular_wave.elf.dir/Core/Src/adc.c.obj
 .debug_abbrev  0x00000aca      0x151 CMakeFiles/Rectangular_wave.elf.dir/Core/Src/gpio.c.obj
 .debug_abbrev  0x00000c1b      0x221 CMakeFiles/Rectangular_wave.elf.dir/Core/Src/i2c.c.obj
 .debug_abbrev  0x00000e3c      0x307 CMakeFiles/Rectangular_wave.elf.dir/Core/Src/main.c.obj
 .debug_abbrev  0x00001143       0xed CMakeFiles/Rectangular_wave.elf.dir/Core/Src/stm32f1xx_hal_msp.c.obj
 .debug_abbrev  0x00001230      0x19a CMakeFiles/Rectangular_wave.elf.dir/Core/Src/stm32f1xx_it.c.obj
 .debug_abbrev  0x000013ca      0x1c1 CMakeFiles/Rectangular_wave.elf.dir/Core/Src/syscalls.c.obj
 .debug_abbrev  0x0000158b       0xea CMakeFiles/Rectangular_wave.elf.dir/Core/Src/sysmem.c.obj
 .debug_abbrev  0x00001675      0x143 CMakeFiles/Rectangular_wave.elf.dir/Core/Src/system_stm32f1xx.c.obj
 .debug_abbrev  0x000017b8      0x25f CMakeFiles/Rectangular_wave.elf.dir/Core/Src/tim.c.obj
 .debug_abbrev  0x00001a17       0x24 CMakeFiles/Rectangular_wave.elf.dir/Core/Startup/startup_stm32f103c8tx.s.obj
 .debug_abbrev  0x00001a3b      0x22d CMakeFiles/Rectangular_wave.elf.dir/Drivers/STM32F1xx_HAL_Driver/Src/stm32f1xx_hal.c.obj
 .debug_abbrev  0x00001c68      0x252 CMakeFiles/Rectangular_wave.elf.dir/Drivers/STM32F1xx_HAL_Driver/Src/stm32f1xx_hal_adc.c.obj
 .debug_abbrev  0x00001eba      0x287 CMakeFiles/Rectangular_wave.elf.dir/Drivers/STM32F1xx_HAL_Driver/Src/stm32f1xx_hal_adc_ex.c.obj
 .debug_abbrev  0x00002141      0x36d CMakeFiles/Rectangular_wave.elf.dir/Drivers/STM32F1xx_HAL_Driver/Src/stm32f1xx_hal_cortex.c.obj
 .debug_abbrev  0x000024ae      0x1f7 CMakeFiles/Rectangular_wave.elf.dir/Drivers/STM32F1xx_HAL_Driver/Src/stm32f1xx_hal_gpio.c.obj
 .debug_abbrev  0x000026a5      0x2be CMakeFiles/Rectangular_wave.elf.dir/Drivers/STM32F1xx_HAL_Driver/Src/stm32f1xx_hal_i2c.c.obj
 .debug_abbrev  0x00002963      0x2a0 CMakeFiles/Rectangular_wave.elf.dir/Drivers/STM32F1xx_HAL_Driver/Src/stm32f1xx_hal_rcc.c.obj
 .debug_abbrev  0x00002c03      0x1d8 CMakeFiles/Rectangular_wave.elf.dir/Drivers/STM32F1xx_HAL_Driver/Src/stm32f1xx_hal_rcc_ex.c.obj
 .debug_abbrev  0x00002ddb      0x270 CMakeFiles/Rectangular_wave.elf.dir/Drivers/STM32F1xx_HAL_Driver/Src/stm32f1xx_hal_tim.c.obj
 .debug_abbrev  0x0000304b      0x26e CMakeFiles/Rectangular_wave.elf.dir/Drivers/STM32F1xx_HAL_Driver/Src/stm32f1xx_hal_tim_ex.c.obj

.debug_loclists
                0x00000000     0xb2f2
 .debug_loclists
                0x00000000       0x7b CMakeFiles/Rectangular_wave.elf.dir/Core/HARDWARE/adc_voltage.c.obj
 .debug_loclists
                0x0000007b     0x10fb CMakeFiles/Rectangular_wave.elf.dir/Core/HARDWARE/oled.c.obj
 .debug_loclists
                0x00001176       0x8d CMakeFiles/Rectangular_wave.elf.dir/Core/HARDWARE/timer_capture.c.obj
 .debug_loclists
                0x00001203       0x74 CMakeFiles/Rectangular_wave.elf.dir/Core/Src/adc.c.obj
 .debug_loclists
                0x00001277       0x86 CMakeFiles/Rectangular_wave.elf.dir/Core/Src/i2c.c.obj
 .debug_loclists
                0x000012fd       0x9f CMakeFiles/Rectangular_wave.elf.dir/Core/Src/main.c.obj
 .debug_loclists
                0x0000139c       0x17 CMakeFiles/Rectangular_wave.elf.dir/Core/Src/stm32f1xx_hal_msp.c.obj
 .debug_loclists
                0x000013b3      0x2cd CMakeFiles/Rectangular_wave.elf.dir/Core/Src/syscalls.c.obj
 .debug_loclists
                0x00001680       0x52 CMakeFiles/Rectangular_wave.elf.dir/Core/Src/sysmem.c.obj
 .debug_loclists
                0x000016d2       0xb7 CMakeFiles/Rectangular_wave.elf.dir/Core/Src/system_stm32f1xx.c.obj
 .debug_loclists
                0x00001789       0x74 CMakeFiles/Rectangular_wave.elf.dir/Core/Src/tim.c.obj
 .debug_loclists
                0x000017fd       0xe1 CMakeFiles/Rectangular_wave.elf.dir/Drivers/STM32F1xx_HAL_Driver/Src/stm32f1xx_hal.c.obj
 .debug_loclists
                0x000018de      0x7c5 CMakeFiles/Rectangular_wave.elf.dir/Drivers/STM32F1xx_HAL_Driver/Src/stm32f1xx_hal_adc.c.obj
 .debug_loclists